Archive member included to satisfy reference by file (symbol)

/home/mio/Desktop/dirs/SimpleRTOS/gcc-arm-none-eabi-10-2020-q4-major/bin/../lib/gcc/arm-none-eabi/10.2.1/../../../../arm-none-eabi/lib/thumb/nofp/libc_nano.a(lib_a-memset.o)
                              output/demo/obj/catOS/bsp/stm32f103c8t6_min/port/port.o (memset)

Discarded input sections

 .text          0x0000000000000000        0x0 output/demo/obj/catOS/src/core/support/cat_list.o
 .data          0x0000000000000000        0x0 output/demo/obj/catOS/src/core/support/cat_list.o
 .bss           0x0000000000000000        0x0 output/demo/obj/catOS/src/core/support/cat_list.o
 .text.cat_list_last
                0x0000000000000000       0x26 output/demo/obj/catOS/src/core/support/cat_list.o
 .text.cat_list_pre
                0x0000000000000000       0x26 output/demo/obj/catOS/src/core/support/cat_list.o
 .text.cat_list_next
                0x0000000000000000       0x26 output/demo/obj/catOS/src/core/support/cat_list.o
 .text.cat_list_remove_all
                0x0000000000000000       0x54 output/demo/obj/catOS/src/core/support/cat_list.o
 .text.cat_list_add_first
                0x0000000000000000       0x3e output/demo/obj/catOS/src/core/support/cat_list.o
 .text.cat_list_insert_after
                0x0000000000000000       0x3c output/demo/obj/catOS/src/core/support/cat_list.o
 .text          0x0000000000000000        0x0 output/demo/obj/catOS/src/core/idle_task/cat_idle.o
 .data          0x0000000000000000        0x0 output/demo/obj/catOS/src/core/idle_task/cat_idle.o
 .bss           0x0000000000000000        0x0 output/demo/obj/catOS/src/core/idle_task/cat_idle.o
 .bss.idle_cnt  0x0000000000000000        0x4 output/demo/obj/catOS/src/core/idle_task/cat_idle.o
 .bss.idle_max_cnt
                0x0000000000000000        0x4 output/demo/obj/catOS/src/core/idle_task/cat_idle.o
 .text          0x0000000000000000        0x0 output/demo/obj/catOS/src/core/init/cat_init.o
 .data          0x0000000000000000        0x0 output/demo/obj/catOS/src/core/init/cat_init.o
 .bss           0x0000000000000000        0x0 output/demo/obj/catOS/src/core/init/cat_init.o
 .text          0x0000000000000000        0x0 output/demo/obj/catOS/src/core/interrupt/cat_intr.o
 .data          0x0000000000000000        0x0 output/demo/obj/catOS/src/core/interrupt/cat_intr.o
 .bss           0x0000000000000000        0x0 output/demo/obj/catOS/src/core/interrupt/cat_intr.o
 .text          0x0000000000000000        0x0 output/demo/obj/catOS/src/core/schedule/static_prio_sched/cat_sp_task.o
 .data          0x0000000000000000        0x0 output/demo/obj/catOS/src/core/schedule/static_prio_sched/cat_sp_task.o
 .bss           0x0000000000000000        0x0 output/demo/obj/catOS/src/core/schedule/static_prio_sched/cat_sp_task.o
 .text.assert_task
                0x0000000000000000       0x1e output/demo/obj/catOS/src/core/schedule/static_prio_sched/cat_sp_task.o
 .text.cat_sp_task_sched_enable
                0x0000000000000000       0x40 output/demo/obj/catOS/src/core/schedule/static_prio_sched/cat_sp_task.o
 .text.cat_sp_task_suspend
                0x0000000000000000       0x60 output/demo/obj/catOS/src/core/schedule/static_prio_sched/cat_sp_task.o
 .text.cat_sp_task_suspend_wakeup
                0x0000000000000000       0x50 output/demo/obj/catOS/src/core/schedule/static_prio_sched/cat_sp_task.o
 .text          0x0000000000000000        0x0 output/demo/obj/catOS/src/core/schedule/static_prio_sched/cat_bitmap.o
 .data          0x0000000000000000        0x0 output/demo/obj/catOS/src/core/schedule/static_prio_sched/cat_bitmap.o
 .bss           0x0000000000000000        0x0 output/demo/obj/catOS/src/core/schedule/static_prio_sched/cat_bitmap.o
 .text          0x0000000000000000        0x0 output/demo/obj/catOS/src/core/schedule/basic_task/cat_basic_task.o
 .data          0x0000000000000000        0x0 output/demo/obj/catOS/src/core/schedule/basic_task/cat_basic_task.o
 .bss           0x0000000000000000        0x0 output/demo/obj/catOS/src/core/schedule/basic_task/cat_basic_task.o
 .text          0x0000000000000000        0x0 output/demo/obj/catOS/src/component/mem_rw/mem_rw.o
 .data          0x0000000000000000        0x0 output/demo/obj/catOS/src/component/mem_rw/mem_rw.o
 .bss           0x0000000000000000        0x0 output/demo/obj/catOS/src/component/mem_rw/mem_rw.o
 .text          0x0000000000000000        0x0 output/demo/obj/catOS/src/component/cat_string/cat_string.o
 .data          0x0000000000000000        0x0 output/demo/obj/catOS/src/component/cat_string/cat_string.o
 .bss           0x0000000000000000        0x0 output/demo/obj/catOS/src/component/cat_string/cat_string.o
 .text.cat_strcpy
                0x0000000000000000       0x9c output/demo/obj/catOS/src/component/cat_string/cat_string.o
 .text.cat_itoa
                0x0000000000000000       0x1a output/demo/obj/catOS/src/component/cat_string/cat_string.o
[...]
Memory Configuration

Name             Origin             Length             Attributes
FLASH            0x0000000008000000 0x0000000000010000 xr
RAM              0x0000000020000000 0x0000000000005000 xrw
*default*        0x0000000000000000 0xffffffffffffffff

Linker script and memory map

                0x0000000000000400                _Min_Heap_Size = 0x400
                0x0000000000000800                _Min_Stack_Size = 0x800

.isr_vector     0x0000000008000000      0x1e4
                0x0000000008000000                . = ALIGN (0x4)
 *(.isr_vector)
 .isr_vector    0x0000000008000000      0x1e4 output/demo/obj/catOS/bsp/stm32f103c8t6_min/port/catos_start.o
                0x0000000008000000                g_pfnVectors
                0x00000000080001e4                . = ALIGN (0x4)

.text           0x00000000080001e4     0x33c8
                0x00000000080001e4                . = ALIGN (0x4)
                0x00000000080001e4                _stext = .
 *(.text)
 .text          0x00000000080001e4       0x4c output/demo/obj/catOS/bsp/stm32f103c8t6_min/port/port_asm.o
                0x00000000080001e4                cat_hw_irq_disable
                0x00000000080001ec                cat_hw_irq_enable
                0x00000000080001f2                cat_hw_context_switch
                0x00000000080001fc                PendSV_Handler
 *(.text*)
 .text.cat_list_init
                0x0000000008000230       0x24 output/demo/obj/catOS/src/core/support/cat_list.o
                0x0000000008000230                cat_list_init
 .text.cat_list_node_init
                0x0000000008000254       0x1e output/demo/obj/catOS/src/core/support/cat_list.o
                0x0000000008000254                cat_list_node_init
 .text.cat_list_count
                0x0000000008000272       0x16 output/demo/obj/catOS/src/core/support/cat_list.o
                0x0000000008000272                cat_list_count
 .text.cat_list_first
                0x0000000008000288       0x26 output/demo/obj/catOS/src/core/support/cat_list.o
                0x0000000008000288                cat_list_first
 .text.cat_list_remove_node
                0x00000000080002ae       0x32 output/demo/obj/catOS/src/core/support/cat_list.o
                0x00000000080002ae                cat_list_remove_node
 .text.cat_list_add_last
                0x00000000080002e0       0x3a output/demo/obj/catOS/src/core/support/cat_list.o
                0x00000000080002e0                cat_list_add_last
 .text.cat_list_remove_first
                0x000000000800031a       0x40 output/demo/obj/catOS/src/core/support/cat_list.o
                0x000000000800031a                cat_list_remove_first
 *fill*         0x000000000800035a        0x2 
 .text.cat_idle_task_create
                0x000000000800035c       0x40 output/demo/obj/catOS/src/core/idle_task/cat_idle.o
                0x000000000800035c                cat_idle_task_create
 .text.cat_idle_entry
                0x000000000800039c        0xa output/demo/obj/catOS/src/core/idle_task/cat_idle.o
                0x000000000800039c                cat_idle_entry
 *fill*         0x00000000080003a6        0x2 
 .text.catos_init
                0x00000000080003a8       0x54 output/demo/obj/catOS/src/core/init/cat_init.o
                0x00000000080003a8                catos_init
 .text.cat_systick_init
                0x00000000080003fc       0x18 output/demo/obj/catOS/src/core/interrupt/cat_intr.o
                0x00000000080003fc                cat_systick_init
 .text.cat_intr_systemtick_handler
                0x0000000008000414       0x30 output/demo/obj/catOS/src/core/interrupt/cat_intr.o
                0x0000000008000414                cat_intr_systemtick_handler
 .text.cat_intr_default_handler
                0x0000000008000444       0x10 output/demo/obj/catOS/src/core/interrupt/cat_intr.o
                0x0000000008000444                cat_intr_default_handler
 .text.cat_sp_task_scheduler_init
                0x0000000008000454       0x58 output/demo/obj/catOS/src/core/schedule/static_prio_sched/cat_sp_task.o
                0x0000000008000454                cat_sp_task_scheduler_init
 .text.cat_sp_task_create
                0x00000000080004ac       0x38 output/demo/obj/catOS/src/core/schedule/static_prio_sched/cat_sp_task.o
                0x00000000080004ac                cat_sp_task_create
 .text.cat_sp_task_before_start_first
                0x00000000080004e4       0x1c output/demo/obj/catOS/src/core/schedule/static_prio_sched/cat_sp_task.o
                0x00000000080004e4                cat_sp_task_before_start_first
 .text.cat_sp_task_highest_ready
                0x0000000008000500       0x3c output/demo/obj/catOS/src/core/schedule/static_prio_sched/cat_sp_task.o
                0x0000000008000500                cat_sp_task_highest_ready
 .text.cat_sp_task_delay_deal
                0x000000000800053c       0xcc output/demo/obj/catOS/src/core/schedule/static_prio_sched/cat_sp_task.o
                0x000000000800053c                cat_sp_task_delay_deal
 .text.cat_sp_task_sched
                0x0000000008000608       0x58 output/demo/obj/catOS/src/core/schedule/static_prio_sched/cat_sp_task.o
                0x0000000008000608                cat_sp_task_sched
 .text.cat_sp_task_sched_enable_without_sched
                0x0000000008000660       0x34 output/demo/obj/catOS/src/core/schedule/static_prio_sched/cat_sp_task.o
                0x0000000008000660                cat_sp_task_sched_enable_without_sched
 .text.cat_sp_task_sched_disable
                0x0000000008000694       0x34 output/demo/obj/catOS/src/core/schedule/static_prio_sched/cat_sp_task.o
                0x0000000008000694                cat_sp_task_sched_disable
 .text.cat_sp_task_rdy
                0x00000000080006c8       0x48 output/demo/obj/catOS/src/core/schedule/static_prio_sched/cat_sp_task.o
                0x00000000080006c8                cat_sp_task_rdy
 .text.cat_sp_task_unrdy
                0x0000000008000710       0x68 output/demo/obj/catOS/src/core/schedule/static_prio_sched/cat_sp_task.o
                0x0000000008000710                cat_sp_task_unrdy
 .text.cat_sp_task_delay
                0x0000000008000778       0x58 output/demo/obj/catOS/src/core/schedule/static_prio_sched/cat_sp_task.o
                0x0000000008000778                cat_sp_task_delay
 .text.cat_sp_task_delay_wakeup
                0x00000000080007d0       0x34 output/demo/obj/catOS/src/core/schedule/static_prio_sched/cat_sp_task.o
                0x00000000080007d0                cat_sp_task_delay_wakeup
 .text.cat_bitmap_get_wide
                0x0000000008000804        0xe output/demo/obj/catOS/src/core/schedule/static_prio_sched/cat_bitmap.o
                0x0000000008000804                cat_bitmap_get_wide
 .text.cat_bitmap_init
                0x0000000008000812       0x18 output/demo/obj/catOS/src/core/schedule/static_prio_sched/cat_bitmap.o
                0x0000000008000812                cat_bitmap_init
 .text.cat_bitmap_set
                0x000000000800082a       0x26 output/demo/obj/catOS/src/core/schedule/static_prio_sched/cat_bitmap.o
                0x000000000800082a                cat_bitmap_set
 .text.cat_bitmap_clr
                0x0000000008000850       0x28 output/demo/obj/catOS/src/core/schedule/static_prio_sched/cat_bitmap.o
                0x0000000008000850                cat_bitmap_clr
 .text.cat_bitmap_get_first_set
                0x0000000008000878       0x84 output/demo/obj/catOS/src/core/schedule/static_prio_sched/cat_bitmap.o
                0x0000000008000878                cat_bitmap_get_first_set
 .text._default_task_exit
                0x00000000080008fc        0x6 output/demo/obj/catOS/src/core/schedule/basic_task/cat_basic_task.o
 *fill*         0x0000000008000902        0x2 
 .text.cat_task_init
                0x0000000008000904       0x94 output/demo/obj/catOS/src/core/schedule/basic_task/cat_basic_task.o
                0x0000000008000904                cat_task_init
 .text.get_reg  0x0000000008000998       0x54 output/demo/obj/catOS/src/component/mem_rw/mem_rw.o
                0x0000000008000998                get_reg
 .text.set_reg  0x00000000080009ec       0x20 output/demo/obj/catOS/src/component/mem_rw/mem_rw.o
                0x00000000080009ec                set_reg
 .text.do_getreg
                0x0000000008000a0c       0xbc output/demo/obj/catOS/src/component/mem_rw/mem_rw.o
                0x0000000008000a0c                do_getreg
 .text.do_setreg
                0x0000000008000ac8       0xb4 output/demo/obj/catOS/src/component/mem_rw/mem_rw.o
                0x0000000008000ac8                do_setreg
 .text.cat_strcmp
                0x0000000008000b7c       0x6c output/demo/obj/catOS/src/component/cat_string/cat_string.o
                0x0000000008000b7c                cat_strcmp
 .text.cat_atoi
                0x0000000008000be8       0xe0 output/demo/obj/catOS/src/component/cat_string/cat_string.o
                0x0000000008000be8                cat_atoi
 .text.cat_htoi
                0x0000000008000cc8      0x12c output/demo/obj/catOS/src/component/cat_string/cat_string.o
                0x0000000008000cc8                cat_htoi
 .text.cat_itoh
                0x0000000008000df4       0xd8 output/demo/obj/catOS/src/component/cat_string/cat_string.o
                0x0000000008000df4                cat_itoh
 .text.cat_memset
                0x0000000008000ecc       0xae output/demo/obj/catOS/src/component/cat_string/cat_string.o
                0x0000000008000ecc                cat_memset
 .text._cat_print_string
                0x0000000008000f7a       0x3a output/demo/obj/catOS/src/component/cat_stdio/cat_stdio.o
 .text._cat_print_error
                0x0000000008000fb4       0x50 output/demo/obj/catOS/src/component/cat_stdio/cat_stdio.o
 .text._cat_print_int
                0x0000000008001004       0xc4 output/demo/obj/catOS/src/component/cat_stdio/cat_stdio.o
 .text.cat_stdio_set_device
                0x00000000080010c8       0x88 output/demo/obj/catOS/src/component/cat_stdio/cat_stdio.o
                0x00000000080010c8                cat_stdio_set_device
 .text.cat_getchar
                0x0000000008001150       0x28 output/demo/obj/catOS/src/component/cat_stdio/cat_stdio.o
                0x0000000008001150                cat_getchar
 .text.cat_putchar
                0x0000000008001178       0x28 output/demo/obj/catOS/src/component/cat_stdio/cat_stdio.o
                0x0000000008001178                cat_putchar
 .text.cat_printf
                0x00000000080011a0      0x110 output/demo/obj/catOS/src/component/cat_stdio/cat_stdio.o
                0x00000000080011a0                cat_printf
 .text.backspace_action
                0x00000000080012b0       0x38 output/demo/obj/catOS/src/component/cat_shell/cat_shell_cmds.o
                0x00000000080012b0                backspace_action
 .text.enter_action
                0x00000000080012e8       0x50 output/demo/obj/catOS/src/component/cat_shell/cat_shell_cmds.o
                0x00000000080012e8                enter_action
 .text.do_help  0x0000000008001338       0x54 output/demo/obj/catOS/src/component/cat_shell/cat_shell_cmds.o
                0x0000000008001338                do_help
 .text.do_test_args
                0x000000000800138c       0x94 output/demo/obj/catOS/src/component/cat_shell/cat_shell_cmds.o
                0x000000000800138c                do_test_args
 .text.do_clear
                0x0000000008001420       0x1c output/demo/obj/catOS/src/component/cat_shell/cat_shell_cmds.o
                0x0000000008001420                do_clear
 .text.cat_shell_task_create
                0x000000000800143c       0x94 output/demo/obj/catOS/src/component/cat_shell/cat_shell_port.o
                0x000000000800143c                cat_shell_task_create
 .text.cat_shell_init
                0x00000000080014d0       0xb8 output/demo/obj/catOS/src/component/cat_shell/cat_shell.o
                0x00000000080014d0                cat_shell_init
 .text.cat_shell_task_entry
                0x0000000008001588       0x74 output/demo/obj/catOS/src/component/cat_shell/cat_shell.o
                0x0000000008001588                cat_shell_task_entry
 .text.cat_handle_input_char
                0x00000000080015fc      0x16c output/demo/obj/catOS/src/component/cat_shell/cat_shell.o
                0x00000000080015fc                cat_handle_input_char
 .text.cat_seek_cmd
                0x0000000008001768       0x58 output/demo/obj/catOS/src/component/cat_shell/cat_shell.o
                0x0000000008001768                cat_seek_cmd
 .text.cat_parse_args
                0x00000000080017c0       0xd4 output/demo/obj/catOS/src/component/cat_shell/cat_shell.o
                0x00000000080017c0                cat_parse_args
 .text.cat_execute_cmd
                0x0000000008001894       0x4c output/demo/obj/catOS/src/component/cat_shell/cat_shell.o
                0x0000000008001894                cat_execute_cmd
 .text._cat_device_alloc_id
                0x00000000080018e0       0x9c output/demo/obj/catOS/src/component/cat_device/cat_device.o
 .text.cat_device_module_init
                0x000000000800197c       0x14 output/demo/obj/catOS/src/component/cat_device/cat_device.o
                0x000000000800197c                cat_device_module_init
 .text.cat_device_get
                0x0000000008001990       0x64 output/demo/obj/catOS/src/component/cat_device/cat_device.o
                0x0000000008001990                cat_device_get
 .text.cat_device_register
                0x00000000080019f4       0x78 output/demo/obj/catOS/src/component/cat_device/cat_device.o
                0x00000000080019f4                cat_device_register
 .text.cat_device_init
                0x0000000008001a6c       0x50 output/demo/obj/catOS/src/component/cat_device/cat_device.o
                0x0000000008001a6c                cat_device_init
 .text.cat_device_open
                0x0000000008001abc       0xb0 output/demo/obj/catOS/src/component/cat_device/cat_device.o
                0x0000000008001abc                cat_device_open
 .text.cat_device_read
                0x0000000008001b6c       0x44 output/demo/obj/catOS/src/component/cat_device/cat_device.o
                0x0000000008001b6c                cat_device_read
 .text.cat_device_write
                0x0000000008001bb0       0x48 output/demo/obj/catOS/src/component/cat_device/cat_device.o
                0x0000000008001bb0                cat_device_write
 .text.do_list_device
                0x0000000008001bf8       0xbc output/demo/obj/catOS/src/component/cat_device/cat_device.o
                0x0000000008001bf8                do_list_device
 .text.uart_init
                0x0000000008001cb4       0x66 output/demo/obj/catOS/bsp/stm32f103c8t6_min/drivers/uart/cat_drv_uart.o
                0x0000000008001cb4                uart_init
 .text.uart_read
                0x0000000008001d1a       0x30 output/demo/obj/catOS/bsp/stm32f103c8t6_min/drivers/uart/cat_drv_uart.o
                0x0000000008001d1a                uart_read
 .text.uart_write
                0x0000000008001d4a       0x34 output/demo/obj/catOS/bsp/stm32f103c8t6_min/drivers/uart/cat_drv_uart.o
                0x0000000008001d4a                uart_write
 .text.uart_ctrl
                0x0000000008001d7e       0x18 output/demo/obj/catOS/bsp/stm32f103c8t6_min/drivers/uart/cat_drv_uart.o
                0x0000000008001d7e                uart_ctrl
 *fill*         0x0000000008001d96        0x2 
 .text.cat_drv_uart_register
                0x0000000008001d98       0x3c output/demo/obj/catOS/bsp/stm32f103c8t6_min/drivers/uart/cat_drv_uart.o
                0x0000000008001d98                cat_drv_uart_register
 .text.HAL_UART_MspInit
                0x0000000008001dd4       0x94 output/demo/obj/catOS/bsp/stm32f103c8t6_min/drivers/uart/cat_drv_uart.o
                0x0000000008001dd4                HAL_UART_MspInit
 .text.NMI_Handler
                0x0000000008001e68        0xc output/demo/obj/catOS/bsp/stm32f103c8t6_min/Libraries/STM32F1xx_HAL_Driver/stm32f1xx_it.o
                0x0000000008001e68                NMI_Handler
 .text.HardFault_Handler
                0x0000000008001e74        0x6 output/demo/obj/catOS/bsp/stm32f103c8t6_min/Libraries/STM32F1xx_HAL_Driver/stm32f1xx_it.o
                0x0000000008001e74                HardFault_Handler
 .text.MemManage_Handler
                0x0000000008001e7a        0x6 output/demo/obj/catOS/bsp/stm32f103c8t6_min/Libraries/STM32F1xx_HAL_Driver/stm32f1xx_it.o
                0x0000000008001e7a                MemManage_Handler
 .text.BusFault_Handler
                0x0000000008001e80        0x6 output/demo/obj/catOS/bsp/stm32f103c8t6_min/Libraries/STM32F1xx_HAL_Driver/stm32f1xx_it.o
                0x0000000008001e80                BusFault_Handler
 .text.UsageFault_Handler
                0x0000000008001e86        0x6 output/demo/obj/catOS/bsp/stm32f103c8t6_min/Libraries/STM32F1xx_HAL_Driver/stm32f1xx_it.o
                0x0000000008001e86                UsageFault_Handler
 .text.SVC_Handler
                0x0000000008001e8c        0xc output/demo/obj/catOS/bsp/stm32f103c8t6_min/Libraries/STM32F1xx_HAL_Driver/stm32f1xx_it.o
                0x0000000008001e8c                SVC_Handler
 .text.DebugMon_Handler
                0x0000000008001e98        0xc output/demo/obj/catOS/bsp/stm32f103c8t6_min/Libraries/STM32F1xx_HAL_Driver/stm32f1xx_it.o
                0x0000000008001e98                DebugMon_Handler
 .text.SystemInit
                0x0000000008001ea4       0x68 output/demo/obj/catOS/bsp/stm32f103c8t6_min/Libraries/STM32F1xx_HAL_Driver/system_stm32f1xx.o
                0x0000000008001ea4                SystemInit
 .text.HAL_GPIO_Init
                0x0000000008001f0c      0x308 output/demo/obj/catOS/bsp/stm32f103c8t6_min/Libraries/STM32F1xx_HAL_Driver/Src/stm32f1xx_hal_gpio.o
                0x0000000008001f0c                HAL_GPIO_Init
 .text.HAL_RCC_OscConfig
                0x0000000008002214      0x504 output/demo/obj/catOS/bsp/stm32f103c8t6_min/Libraries/STM32F1xx_HAL_Driver/Src/stm32f1xx_hal_rcc.o
                0x0000000008002214                HAL_RCC_OscConfig
 .text.HAL_RCC_ClockConfig
                0x0000000008002718      0x1d4 output/demo/obj/catOS/bsp/stm32f103c8t6_min/Libraries/STM32F1xx_HAL_Driver/Src/stm32f1xx_hal_rcc.o
                0x0000000008002718                HAL_RCC_ClockConfig
 .text.HAL_RCC_GetSysClockFreq
                0x00000000080028ec       0xc0 output/demo/obj/catOS/bsp/stm32f103c8t6_min/Libraries/STM32F1xx_HAL_Driver/Src/stm32f1xx_hal_rcc.o
                0x00000000080028ec                HAL_RCC_GetSysClockFreq
 .text.HAL_RCC_GetHCLKFreq
                0x00000000080029ac       0x14 output/demo/obj/catOS/bsp/stm32f103c8t6_min/Libraries/STM32F1xx_HAL_Driver/Src/stm32f1xx_hal_rcc.o
                0x00000000080029ac                HAL_RCC_GetHCLKFreq
 .text.HAL_RCC_GetPCLK1Freq
                0x00000000080029c0       0x28 output/demo/obj/catOS/bsp/stm32f103c8t6_min/Libraries/STM32F1xx_HAL_Driver/Src/stm32f1xx_hal_rcc.o
                0x00000000080029c0                HAL_RCC_GetPCLK1Freq
 .text.HAL_RCC_GetPCLK2Freq
                0x00000000080029e8       0x28 output/demo/obj/catOS/bsp/stm32f103c8t6_min/Libraries/STM32F1xx_HAL_Driver/Src/stm32f1xx_hal_rcc.o
                0x00000000080029e8                HAL_RCC_GetPCLK2Freq
 .text.RCC_Delay
                0x0000000008002a10       0x3c output/demo/obj/catOS/bsp/stm32f103c8t6_min/Libraries/STM32F1xx_HAL_Driver/Src/stm32f1xx_hal_rcc.o
 .text.HAL_InitTick
                0x0000000008002a4c       0x60 output/demo/obj/catOS/bsp/stm32f103c8t6_min/Libraries/STM32F1xx_HAL_Driver/Src/stm32f1xx_hal.o
                0x0000000008002a4c                HAL_InitTick
 .text.HAL_IncTick
                0x0000000008002aac       0x24 output/demo/obj/catOS/bsp/stm32f103c8t6_min/Libraries/STM32F1xx_HAL_Driver/Src/stm32f1xx_hal.o
                0x0000000008002aac                HAL_IncTick
 .text.HAL_GetTick
                0x0000000008002ad0       0x14 output/demo/obj/catOS/bsp/stm32f103c8t6_min/Libraries/STM32F1xx_HAL_Driver/Src/stm32f1xx_hal.o
                0x0000000008002ad0                HAL_GetTick
 .text.HAL_UART_Init
                0x0000000008002ae4       0x9a output/demo/obj/catOS/bsp/stm32f103c8t6_min/Libraries/STM32F1xx_HAL_Driver/Src/stm32f1xx_hal_uart.o
                0x0000000008002ae4                HAL_UART_Init
 .text.HAL_UART_Transmit
                0x0000000008002b7e      0x124 output/demo/obj/catOS/bsp/stm32f103c8t6_min/Libraries/STM32F1xx_HAL_Driver/Src/stm32f1xx_hal_uart.o
                0x0000000008002b7e                HAL_UART_Transmit
 .text.HAL_UART_Receive
                0x0000000008002ca2      0x144 output/demo/obj/catOS/bsp/stm32f103c8t6_min/Libraries/STM32F1xx_HAL_Driver/Src/stm32f1xx_hal_uart.o
                0x0000000008002ca2                HAL_UART_Receive
 .text.UART_WaitOnFlagUntilTimeout
                0x0000000008002de6       0x94 output/demo/obj/catOS/bsp/stm32f103c8t6_min/Libraries/STM32F1xx_HAL_Driver/Src/stm32f1xx_hal_uart.o
 *fill*         0x0000000008002e7a        0x2 
 .text.UART_SetConfig
                0x0000000008002e7c      0x11c output/demo/obj/catOS/bsp/stm32f103c8t6_min/Libraries/STM32F1xx_HAL_Driver/Src/stm32f1xx_hal_uart.o
 .text.__NVIC_GetPriorityGrouping
                0x0000000008002f98       0x1c output/demo/obj/catOS/bsp/stm32f103c8t6_min/Libraries/STM32F1xx_HAL_Driver/Src/stm32f1xx_hal_cortex.o
 .text.__NVIC_EnableIRQ
                0x0000000008002fb4       0x38 output/demo/obj/catOS/bsp/stm32f103c8t6_min/Libraries/STM32F1xx_HAL_Driver/Src/stm32f1xx_hal_cortex.o
 .text.__NVIC_SetPriority
                0x0000000008002fec       0x54 output/demo/obj/catOS/bsp/stm32f103c8t6_min/Libraries/STM32F1xx_HAL_Driver/Src/stm32f1xx_hal_cortex.o
 .text.NVIC_EncodePriority
                0x0000000008003040       0x64 output/demo/obj/catOS/bsp/stm32f103c8t6_min/Libraries/STM32F1xx_HAL_Driver/Src/stm32f1xx_hal_cortex.o
 .text.SysTick_Config
                0x00000000080030a4       0x44 output/demo/obj/catOS/bsp/stm32f103c8t6_min/Libraries/STM32F1xx_HAL_Driver/Src/stm32f1xx_hal_cortex.o
 .text.HAL_NVIC_SetPriority
                0x00000000080030e8       0x38 output/demo/obj/catOS/bsp/stm32f103c8t6_min/Libraries/STM32F1xx_HAL_Driver/Src/stm32f1xx_hal_cortex.o
                0x00000000080030e8                HAL_NVIC_SetPriority
 .text.HAL_NVIC_EnableIRQ
                0x0000000008003120       0x1c output/demo/obj/catOS/bsp/stm32f103c8t6_min/Libraries/STM32F1xx_HAL_Driver/Src/stm32f1xx_hal_cortex.o
                0x0000000008003120                HAL_NVIC_EnableIRQ
 .text.HAL_SYSTICK_Config
                0x000000000800313c       0x18 output/demo/obj/catOS/bsp/stm32f103c8t6_min/Libraries/STM32F1xx_HAL_Driver/Src/stm32f1xx_hal_cortex.o
                0x000000000800313c                HAL_SYSTICK_Config
 .text.Reset_Handler
                0x0000000008003154       0x44 output/demo/obj/catOS/bsp/stm32f103c8t6_min/port/catos_start.o
                0x0000000008003154                Reset_Handler
 .text.Default_Handler
                0x0000000008003198        0x8 output/demo/obj/catOS/bsp/stm32f103c8t6_min/port/catos_start.o
                0x0000000008003198                RTC_Alarm_IRQHandler
                0x0000000008003198                EXTI2_IRQHandler
                0x0000000008003198                TIM8_TRG_COM_IRQHandler
                0x0000000008003198                TIM8_CC_IRQHandler
                0x0000000008003198                TIM1_CC_IRQHandler
                0x0000000008003198                TIM6_IRQHandler
                0x0000000008003198                PVD_IRQHandler
                0x0000000008003198                SDIO_IRQHandler
                0x0000000008003198                EXTI3_IRQHandler
                0x0000000008003198                EXTI0_IRQHandler
                0x0000000008003198                I2C2_EV_IRQHandler
                0x0000000008003198                ADC1_2_IRQHandler
                0x0000000008003198                SPI1_IRQHandler
                0x0000000008003198                TAMPER_IRQHandler
                0x0000000008003198                TIM8_UP_IRQHandler
                0x0000000008003198                DMA2_Channel2_IRQHandler
                0x0000000008003198                DMA1_Channel4_IRQHandler
                0x0000000008003198                USART3_IRQHandler
                0x0000000008003198                RTC_IRQHandler
                0x0000000008003198                DMA1_Channel7_IRQHandler
                0x0000000008003198                CAN1_RX1_IRQHandler
                0x0000000008003198                UART5_IRQHandler
                0x0000000008003198                ADC3_IRQHandler
                0x0000000008003198                TIM4_IRQHandler
                0x0000000008003198                DMA2_Channel1_IRQHandler
                0x0000000008003198                I2C1_EV_IRQHandler
                0x0000000008003198                DMA1_Channel6_IRQHandler
                0x0000000008003198                UART4_IRQHandler
                0x0000000008003198                TIM3_IRQHandler
                0x0000000008003198                RCC_IRQHandler
                0x0000000008003198                TIM1_TRG_COM_IRQHandler
                0x0000000008003198                DMA1_Channel1_IRQHandler
                0x0000000008003198                Default_Handler
                0x0000000008003198                EXTI15_10_IRQHandler
                0x0000000008003198                TIM7_IRQHandler
                0x0000000008003198                TIM5_IRQHandler
                0x0000000008003198                EXTI9_5_IRQHandler
                0x0000000008003198                SPI2_IRQHandler
                0x0000000008003198                DMA1_Channel5_IRQHandler
                0x0000000008003198                EXTI4_IRQHandler
                0x0000000008003198                USB_LP_CAN1_RX0_IRQHandler
                0x0000000008003198                USB_HP_CAN1_TX_IRQHandler
                0x0000000008003198                DMA1_Channel3_IRQHandler
                0x0000000008003198                FSMC_IRQHandler
                0x0000000008003198                TIM1_UP_IRQHandler
                0x0000000008003198                WWDG_IRQHandler
                0x0000000008003198                TIM2_IRQHandler
                0x0000000008003198                TIM1_BRK_IRQHandler
                0x0000000008003198                EXTI1_IRQHandler
                0x0000000008003198                DMA2_Channel4_5_IRQHandler
                0x0000000008003198                USART2_IRQHandler
                0x0000000008003198                I2C2_ER_IRQHandler
                0x0000000008003198                DMA1_Channel2_IRQHandler
                0x0000000008003198                TIM8_BRK_IRQHandler
                0x0000000008003198                CAN1_SCE_IRQHandler
                0x0000000008003198                FLASH_IRQHandler
                0x0000000008003198                USART1_IRQHandler
                0x0000000008003198                SPI3_IRQHandler
                0x0000000008003198                I2C1_ER_IRQHandler
                0x0000000008003198                USBWakeUp_IRQHandler
                0x0000000008003198                DMA2_Channel3_IRQHandler
 .text.__NVIC_SetPriority
                0x00000000080031a0       0x54 output/demo/obj/catOS/bsp/stm32f103c8t6_min/port/port.o
 .text.cat_hw_init
                0x00000000080031f4       0x12 output/demo/obj/catOS/bsp/stm32f103c8t6_min/port/port.o
                0x00000000080031f4                cat_hw_init
 .text.SysTick_Handler
                0x0000000008003206       0x10 output/demo/obj/catOS/bsp/stm32f103c8t6_min/port/port.o
                0x0000000008003206                SysTick_Handler
 *fill*         0x0000000008003216        0x2 
 .text.catos_start_sched
                0x0000000008003218       0x44 output/demo/obj/catOS/bsp/stm32f103c8t6_min/port/port.o
                0x0000000008003218                catos_start_sched
 .text.cat_hw_stack_init
                0x000000000800325c       0x8c output/demo/obj/catOS/bsp/stm32f103c8t6_min/port/port.o
                0x000000000800325c                cat_hw_stack_init
 .text.SystemClock_Config
                0x00000000080032e8       0x82 output/demo/obj/catOS/bsp/stm32f103c8t6_min/port/port.o
 *fill*         0x000000000800336a        0x2 
 .text.cat_set_systick_period
                0x000000000800336c       0x4c output/demo/obj/catOS/bsp/stm32f103c8t6_min/port/port.o
 .text.board_led_init
                0x00000000080033b8       0xac output/demo/obj/user/bsp/board_led/bsp_board_led.o
                0x00000000080033b8                board_led_init
 .text.board_led_on
                0x0000000008003464       0x18 output/demo/obj/user/bsp/board_led/bsp_board_led.o
                0x0000000008003464                board_led_on
 .text.board_led_off
                0x000000000800347c       0x18 output/demo/obj/user/bsp/board_led/bsp_board_led.o
                0x000000000800347c                board_led_off
 .text.EXTI_Key_Config
                0x0000000008003494       0x5c output/demo/obj/user/bsp/key/key.o
                0x0000000008003494                EXTI_Key_Config
 .text.task1_entry
                0x00000000080034f0       0x2c output/demo/obj/user/main.o
                0x00000000080034f0                task1_entry
 .text.task2_entry
                0x000000000800351c       0x10 output/demo/obj/user/main.o
                0x000000000800351c                task2_entry
 .text.main     0x000000000800352c       0x70 output/demo/obj/user/main.o
                0x000000000800352c                main
 .text.memset   0x000000000800359c       0x10 /home/mio/Desktop/dirs/SimpleRTOS/gcc-arm-none-eabi-10-2020-q4-major/bin/../lib/gcc/arm-none-eabi/10.2.1/../../../../arm-none-eabi/lib/thumb/nofp/libc_nano.a(lib_a-memset.o)
                0x000000000800359c                memset
 *(.glue_7)
 .glue_7        0x00000000080035ac        0x0 linker stubs
 *(.glue_7t)
 .glue_7t       0x00000000080035ac        0x0 linker stubs
 *(.eh_frame)
                0x00000000080035ac                . = ALIGN (0x4)
                0x00000000080035ac                _etext = .

.vfp11_veneer   0x00000000080035ac        0x0
 .vfp11_veneer  0x00000000080035ac        0x0 linker stubs

.v4_bx          0x00000000080035ac        0x0
 .v4_bx         0x00000000080035ac        0x0 linker stubs

.iplt           0x00000000080035ac        0x0
 .iplt          0x00000000080035ac        0x0 output/demo/obj/catOS/src/core/idle_task/cat_idle.o

.rodata         0x00000000080035ac      0x95c
                0x00000000080035ac                . = ALIGN (0x4)
 *(.rodata)
 .rodata        0x00000000080035ac        0xa output/demo/obj/catOS/src/core/idle_task/cat_idle.o
 *fill*         0x00000000080035b6        0x2 
 .rodata        0x00000000080035b8       0x43 output/demo/obj/catOS/src/core/init/cat_init.o
 *fill*         0x00000000080035fb        0x1 
 .rodata        0x00000000080035fc      0x15a output/demo/obj/catOS/src/component/mem_rw/mem_rw.o
 *fill*         0x0000000008003756        0x2 
 .rodata        0x0000000008003758       0xd0 output/demo/obj/catOS/src/component/cat_string/cat_string.o
 .rodata        0x0000000008003828       0xe3 output/demo/obj/catOS/src/component/cat_stdio/cat_stdio.o
 *fill*         0x000000000800390b        0x1 
 .rodata        0x000000000800390c      0x12d output/demo/obj/catOS/src/component/cat_shell/cat_shell_cmds.o
 *fill*         0x0000000008003a39        0x3 
 .rodata        0x0000000008003a3c       0x6b output/demo/obj/catOS/src/component/cat_shell/cat_shell_port.o
 *fill*         0x0000000008003aa7        0x1 
 .rodata        0x0000000008003aa8      0x205 output/demo/obj/catOS/src/component/cat_shell/cat_shell.o
 *fill*         0x0000000008003cad        0x3 
 .rodata        0x0000000008003cb0      0x10d output/demo/obj/catOS/src/component/cat_device/cat_device.o
 *fill*         0x0000000008003dbd        0x3 
 .rodata        0x0000000008003dc0        0x6 output/demo/obj/catOS/bsp/stm32f103c8t6_min/drivers/uart/cat_drv_uart.o
 *fill*         0x0000000008003dc6        0x2 
 .rodata        0x0000000008003dc8       0x10 output/demo/obj/catOS/bsp/stm32f103c8t6_min/Libraries/STM32F1xx_HAL_Driver/Src/stm32f1xx_hal_rcc.o
 .rodata        0x0000000008003dd8       0x17 output/demo/obj/user/main.o
 *(.rodata*)
 *fill*         0x0000000008003def        0x1 
 .rodata.quick_find_table.0
                0x0000000008003df0      0x100 output/demo/obj/catOS/src/core/schedule/static_prio_sched/cat_bitmap.o
 .rodata.AHBPrescTable
                0x0000000008003ef0       0x10 output/demo/obj/catOS/bsp/stm32f103c8t6_min/Libraries/STM32F1xx_HAL_Driver/system_stm32f1xx.o
                0x0000000008003ef0                AHBPrescTable
 .rodata.APBPrescTable
                0x0000000008003f00        0x8 output/demo/obj/catOS/bsp/stm32f103c8t6_min/Libraries/STM32F1xx_HAL_Driver/system_stm32f1xx.o
                0x0000000008003f00                APBPrescTable
                0x0000000008003f08                . = ALIGN (0x4)

.rel.dyn        0x0000000008003f08        0x0
 .rel.iplt      0x0000000008003f08        0x0 output/demo/obj/catOS/src/core/idle_task/cat_idle.o

.ARM.extab
 *(.ARM.extab* .gnu.linkonce.armextab.*)

.ARM            0x0000000008003f08        0x0
                0x0000000008003f08                __exidx_start = .
 *(.ARM.exidx*)
                0x0000000008003f08                __exidx_end = .
                0x0000000008003f08                _sidata = LOADADDR (.data)

.data           0x0000000020000000      0x120 load address 0x0000000008003f08
                0x0000000020000000                . = ALIGN (0x4)
                0x0000000020000000                _sdata = .
 *(.data)
 *(.data*)
 .data._cat_error_msg
                0x0000000020000000        0x8 output/demo/obj/catOS/src/component/cat_stdio/cat_stdio.o
 .data.uart1_cfg_data
                0x0000000020000008       0x28 output/demo/obj/catOS/bsp/stm32f103c8t6_min/drivers/uart/cat_drv_uart.o
                0x0000000020000008                uart1_cfg_data
 .data.uart1_pri_data
                0x0000000020000030        0x8 output/demo/obj/catOS/bsp/stm32f103c8t6_min/drivers/uart/cat_drv_uart.o
                0x0000000020000030                uart1_pri_data
 .data.uart1_dev
                0x0000000020000038       0x3c output/demo/obj/catOS/bsp/stm32f103c8t6_min/drivers/uart/cat_drv_uart.o
                0x0000000020000038                uart1_dev
 .data.SystemCoreClock
                0x0000000020000074        0x4 output/demo/obj/catOS/bsp/stm32f103c8t6_min/Libraries/STM32F1xx_HAL_Driver/system_stm32f1xx.o
                0x0000000020000074                SystemCoreClock
 .data.uwTickPrio
                0x0000000020000078        0x4 output/demo/obj/catOS/bsp/stm32f103c8t6_min/Libraries/STM32F1xx_HAL_Driver/Src/stm32f1xx_hal.o
                0x0000000020000078                uwTickPrio
 .data.uwTickFreq
                0x000000002000007c        0x1 output/demo/obj/catOS/bsp/stm32f103c8t6_min/Libraries/STM32F1xx_HAL_Driver/Src/stm32f1xx_hal.o
                0x000000002000007c                uwTickFreq
                0x0000000020000080                . = ALIGN (0x4)
 *fill*         0x000000002000007d        0x3 
                0x0000000020000080                PROVIDE (cat_shell_cmd_start = .)
 *(cat_shell_cmd)
 cat_shell_cmd  0x0000000020000080       0x28 output/demo/obj/catOS/src/component/mem_rw/mem_rw.o
                0x0000000020000080                cat_cmd_getreg
                0x0000000020000094                cat_cmd_setreg
 cat_shell_cmd  0x00000000200000a8       0x64 output/demo/obj/catOS/src/component/cat_shell/cat_shell_cmds.o
                0x00000000200000a8                cat_cmd_backspace
                0x00000000200000bc                cat_cmd_enter
                0x00000000200000d0                cat_cmd_help
                0x00000000200000e4                cat_cmd_test_args
                0x00000000200000f8                cat_cmd_clear
 cat_shell_cmd  0x000000002000010c       0x14 output/demo/obj/catOS/src/component/cat_device/cat_device.o
                0x000000002000010c                cat_cmd_list_device
                0x0000000020000120                PROVIDE (cat_shell_cmd_end = .)
                0x0000000020000120                . = ALIGN (0x4)
                0x0000000020000120                _edata = .

.igot.plt       0x0000000020000120        0x0 load address 0x0000000008004028
 .igot.plt      0x0000000020000120        0x0 output/demo/obj/catOS/src/core/idle_task/cat_idle.o
                0x0000000020000120                . = ALIGN (0x4)

.bss            0x0000000020000120     0x2158 load address 0x0000000008004028
                0x0000000020000120                _sbss = .
                0x0000000020000120                __bss_start__ = _sbss
 *(.bss)
 *(.bss*)
 .bss.cat_idle_task
                0x0000000020000120        0x4 output/demo/obj/catOS/src/core/idle_task/cat_idle.o
                0x0000000020000120                cat_idle_task
 .bss.idle_task
                0x0000000020000124       0x3c output/demo/obj/catOS/src/core/idle_task/cat_idle.o
 .bss.idle_task_env
                0x0000000020000160      0x400 output/demo/obj/catOS/src/core/idle_task/cat_idle.o
                0x0000000020000160                idle_task_env
 .bss.catos_systicks
                0x0000000020000560        0x4 output/demo/obj/catOS/src/core/interrupt/cat_intr.o
                0x0000000020000560                catos_systicks
 .bss.cat_sp_cur_task
                0x0000000020000564        0x4 output/demo/obj/catOS/src/core/schedule/static_prio_sched/cat_sp_task.o
                0x0000000020000564                cat_sp_cur_task
 .bss.cat_sp_next_task
                0x0000000020000568        0x4 output/demo/obj/catOS/src/core/schedule/static_prio_sched/cat_sp_task.o
                0x0000000020000568                cat_sp_next_task
 .bss.cat_task_prio_bitmap
                0x000000002000056c        0x4 output/demo/obj/catOS/src/core/schedule/static_prio_sched/cat_sp_task.o
                0x000000002000056c                cat_task_prio_bitmap
 .bss.sched_lock_cnt
                0x0000000020000570        0x1 output/demo/obj/catOS/src/core/schedule/static_prio_sched/cat_sp_task.o
 *fill*         0x0000000020000571        0x3 
 .bss.task_rdy_tbl
                0x0000000020000574      0x180 output/demo/obj/catOS/src/core/schedule/static_prio_sched/cat_sp_task.o
 .bss.cat_task_delayed_list
                0x00000000200006f4        0xc output/demo/obj/catOS/src/core/schedule/static_prio_sched/cat_sp_task.o
 .bss._stdio_dev
                0x0000000020000700        0x4 output/demo/obj/catOS/src/component/cat_stdio/cat_stdio.o
 .bss.shell_task
                0x0000000020000704       0x3c output/demo/obj/catOS/src/component/cat_shell/cat_shell_port.o
                0x0000000020000704                shell_task
 .bss.shell_task_env
                0x0000000020000740     0x1000 output/demo/obj/catOS/src/component/cat_shell/cat_shell_port.o
                0x0000000020000740                shell_task_env
 .bss.port_shell_inst_1
                0x0000000020001740       0x40 output/demo/obj/catOS/src/component/cat_shell/cat_shell_port.o
                0x0000000020001740                port_shell_inst_1
 .bss.shell_cfg
                0x0000000020001780        0x8 output/demo/obj/catOS/src/component/cat_shell/cat_shell_port.o
                0x0000000020001780                shell_cfg
 .bss.shell_space
                0x0000000020001788      0x200 output/demo/obj/catOS/src/component/cat_shell/cat_shell_port.o
                0x0000000020001788                shell_space
 .bss.cat_device_list
                0x0000000020001988        0xc output/demo/obj/catOS/src/component/cat_device/cat_device.o
                0x0000000020001988                cat_device_list
 .bss.id_table  0x0000000020001994       0x20 output/demo/obj/catOS/src/component/cat_device/cat_device.o
 .bss.UartHandle
                0x00000000200019b4       0x44 output/demo/obj/catOS/bsp/stm32f103c8t6_min/drivers/uart/cat_drv_uart.o
                0x00000000200019b4                UartHandle
 .bss.uwTick    0x00000000200019f8        0x4 output/demo/obj/catOS/bsp/stm32f103c8t6_min/Libraries/STM32F1xx_HAL_Driver/Src/stm32f1xx_hal.o
                0x00000000200019f8                uwTick
 .bss.task1     0x00000000200019fc       0x3c output/demo/obj/user/main.o
                0x00000000200019fc                task1
 .bss.task2     0x0000000020001a38       0x3c output/demo/obj/user/main.o
                0x0000000020001a38                task2
 .bss.task1_env
                0x0000000020001a74      0x400 output/demo/obj/user/main.o
                0x0000000020001a74                task1_env
 .bss.task2_env
                0x0000000020001e74      0x400 output/demo/obj/user/main.o
                0x0000000020001e74                task2_env
 .bss.sched_task1_times
                0x0000000020002274        0x4 output/demo/obj/user/main.o
                0x0000000020002274                sched_task1_times
 *(COMMON)
                0x0000000020002278                . = ALIGN (0x4)
                0x0000000020002278                _ebss = .
                0x0000000020002278                __bss_end__ = _ebss

._user_heap_stack
                0x0000000020002278      0xc00 load address 0x0000000008004028
                0x0000000020002278                . = ALIGN (0x4)
                [!provide]                        PROVIDE (end = .)
                [!provide]                        PROVIDE (_end = .)
                0x0000000020002678                . = (. + _Min_Heap_Size)
 *fill*         0x0000000020002278      0x400 
                0x0000000020002678                _sstack = .
                0x0000000020002e78                . = (. + _Min_Stack_Size)
 *fill*         0x0000000020002678      0x800 
                0x0000000020002e78                _estack = .
                0x0000000020002e78                . = ALIGN (0x4)

/DISCARD/
 libc.a(*)
 libm.a(*)
 libgcc.a(*)

.ARM.attributes
                0x0000000000000000       0x2d
 *(.ARM.attributes)
 .ARM.attributes
                0x0000000000000000       0x2d output/demo/obj/catOS/src/core/support/cat_list.o
 .ARM.attributes
                0x000000000000002d       0x2d output/demo/obj/catOS/src/core/idle_task/cat_idle.o
 .ARM.attributes
                0x000000000000005a       0x2d output/demo/obj/catOS/src/core/init/cat_init.o
 .ARM.attributes
                0x0000000000000087       0x2d output/demo/obj/catOS/src/core/interrupt/cat_intr.o
 .ARM.attributes
                0x00000000000000b4       0x2d output/demo/obj/catOS/src/core/schedule/static_prio_sched/cat_sp_task.o
 .ARM.attributes
                0x00000000000000e1       0x2d output/demo/obj/catOS/src/core/schedule/static_prio_sched/cat_bitmap.o
 .ARM.attributes
                0x000000000000010e       0x2d output/demo/obj/catOS/src/core/schedule/basic_task/cat_basic_task.o
 .ARM.attributes
                0x000000000000013b       0x2d output/demo/obj/catOS/src/component/mem_rw/mem_rw.o
 .ARM.attributes
                0x0000000000000168       0x2d output/demo/obj/catOS/src/component/cat_string/cat_string.o
 .ARM.attributes
                0x0000000000000195       0x2d output/demo/obj/catOS/src/component/cat_stdio/cat_stdio.o
 .ARM.attributes
                0x00000000000001c2       0x2d output/demo/obj/catOS/src/component/cat_shell/cat_shell_cmds.o
 .ARM.attributes
                0x00000000000001ef       0x2d output/demo/obj/catOS/src/component/cat_shell/cat_shell_port.o
 .ARM.attributes
                0x000000000000021c       0x2d output/demo/obj/catOS/src/component/cat_shell/cat_shell.o
 .ARM.attributes
                0x0000000000000249       0x2d output/demo/obj/catOS/src/component/cat_device/cat_device.o
 .ARM.attributes
                0x0000000000000276       0x2d output/demo/obj/catOS/bsp/stm32f103c8t6_min/drivers/uart/cat_drv_uart.o
 .ARM.attributes
                0x00000000000002a3       0x2d output/demo/obj/catOS/bsp/stm32f103c8t6_min/Libraries/STM32F1xx_HAL_Driver/stm32f1xx_it.o
 .ARM.attributes
                0x00000000000002d0       0x2d output/demo/obj/catOS/bsp/stm32f103c8t6_min/Libraries/STM32F1xx_HAL_Driver/system_stm32f1xx.o
 .ARM.attributes
                0x00000000000002fd       0x2d output/demo/obj/catOS/bsp/stm32f103c8t6_min/Libraries/STM32F1xx_HAL_Driver/Src/stm32f1xx_hal_gpio.o
 .ARM.attributes
                0x000000000000032a       0x2d output/demo/obj/catOS/bsp/stm32f103c8t6_min/Libraries/STM32F1xx_HAL_Driver/Src/stm32f1xx_hal_rcc.o
 .ARM.attributes
                0x0000000000000357       0x2d output/demo/obj/catOS/bsp/stm32f103c8t6_min/Libraries/STM32F1xx_HAL_Driver/Src/stm32f1xx_hal.o
 .ARM.attributes
                0x0000000000000384       0x2d output/demo/obj/catOS/bsp/stm32f103c8t6_min/Libraries/STM32F1xx_HAL_Driver/Src/stm32f1xx_hal_uart.o
 .ARM.attributes
                0x00000000000003b1       0x2d output/demo/obj/catOS/bsp/stm32f103c8t6_min/Libraries/STM32F1xx_HAL_Driver/Src/stm32f1xx_hal_cortex.o
 .ARM.attributes
                0x00000000000003de       0x21 output/demo/obj/catOS/bsp/stm32f103c8t6_min/port/port_asm.o
 .ARM.attributes
                0x00000000000003ff       0x21 output/demo/obj/catOS/bsp/stm32f103c8t6_min/port/catos_start.o
 .ARM.attributes
                0x0000000000000420       0x2d output/demo/obj/catOS/bsp/stm32f103c8t6_min/port/port.o
 .ARM.attributes
                0x000000000000044d       0x2d output/demo/obj/user/bsp/board_led/bsp_board_led.o
 .ARM.attributes
                0x000000000000047a       0x2d output/demo/obj/user/bsp/key/key.o
 .ARM.attributes
                0x00000000000004a7       0x2d output/demo/obj/user/main.o
 .ARM.attributes
                0x00000000000004d4       0x2a /home/mio/Desktop/dirs/SimpleRTOS/gcc-arm-none-eabi-10-2020-q4-major/bin/../lib/gcc/arm-none-eabi/10.2.1/../../../../arm-none-eabi/lib/thumb/nofp/libc_nano.a(lib_a-memset.o)
LOAD output/demo/obj/catOS/src/core/support/cat_list.o
LOAD output/demo/obj/catOS/src/core/idle_task/cat_idle.o
LOAD output/demo/obj/catOS/src/core/init/cat_init.o
LOAD output/demo/obj/catOS/src/core/interrupt/cat_intr.o
LOAD output/demo/obj/catOS/src/core/schedule/static_prio_sched/cat_sp_task.o
LOAD output/demo/obj/catOS/src/core/schedule/static_prio_sched/cat_bitmap.o
LOAD output/demo/obj/catOS/src/core/schedule/basic_task/cat_basic_task.o
LOAD output/demo/obj/catOS/src/component/mem_rw/mem_rw.o
LOAD output/demo/obj/catOS/src/component/cat_string/cat_string.o
LOAD output/demo/obj/catOS/src/component/cat_stdio/cat_stdio.o
LOAD output/demo/obj/catOS/src/component/cat_shell/cat_shell_cmds.o
LOAD output/demo/obj/catOS/src/component/cat_shell/cat_shell_port.o
LOAD output/demo/obj/catOS/src/component/cat_shell/cat_shell.o
LOAD output/demo/obj/catOS/src/component/cat_device/cat_device.o
LOAD output/demo/obj/catOS/bsp/stm32f103c8t6_min/drivers/uart/cat_drv_uart.o
LOAD output/demo/obj/catOS/bsp/stm32f103c8t6_min/Libraries/STM32F1xx_HAL_Driver/stm32f1xx_it.o
LOAD output/demo/obj/catOS/bsp/stm32f103c8t6_min/Libraries/STM32F1xx_HAL_Driver/system_stm32f1xx.o
LOAD output/demo/obj/catOS/bsp/stm32f103c8t6_min/Libraries/STM32F1xx_HAL_Driver/Src/stm32f1xx_hal_nor.o
LOAD output/demo/obj/catOS/bsp/stm32f103c8t6_min/Libraries/STM32F1xx_HAL_Driver/Src/stm32f1xx_hal_dac.o
LOAD output/demo/obj/catOS/bsp/stm32f103c8t6_min/Libraries/STM32F1xx_HAL_Driver/Src/stm32f1xx_hal_tim_ex.o
LOAD output/demo/obj/catOS/bsp/stm32f103c8t6_min/Libraries/STM32F1xx_HAL_Driver/Src/stm32f1xx_hal_nand.o
LOAD output/demo/obj/catOS/bsp/stm32f103c8t6_min/Libraries/STM32F1xx_HAL_Driver/Src/stm32f1xx_hal_can.o
LOAD output/demo/obj/catOS/bsp/stm32f103c8t6_min/Libraries/STM32F1xx_HAL_Driver/Src/stm32f1xx_hal_usart.o
LOAD output/demo/obj/catOS/bsp/stm32f103c8t6_min/Libraries/STM32F1xx_HAL_Driver/Src/stm32f1xx_hal_gpio.o
LOAD output/demo/obj/catOS/bsp/stm32f103c8t6_min/Libraries/STM32F1xx_HAL_Driver/Src/stm32f1xx_hal_flash.o
LOAD output/demo/obj/catOS/bsp/stm32f103c8t6_min/Libraries/STM32F1xx_HAL_Driver/Src/stm32f1xx_hal_pwr.o
LOAD output/demo/obj/catOS/bsp/stm32f103c8t6_min/Libraries/STM32F1xx_HAL_Driver/Src/stm32f1xx_hal_iwdg.o
LOAD output/demo/obj/catOS/bsp/stm32f103c8t6_min/Libraries/STM32F1xx_HAL_Driver/Src/stm32f1xx_hal_rcc.o
LOAD output/demo/obj/catOS/bsp/stm32f103c8t6_min/Libraries/STM32F1xx_HAL_Driver/Src/stm32f1xx_hal_eth.o
LOAD output/demo/obj/catOS/bsp/stm32f103c8t6_min/Libraries/STM32F1xx_HAL_Driver/Src/stm32f1xx_hal_crc.o
LOAD output/demo/obj/catOS/bsp/stm32f103c8t6_min/Libraries/STM32F1xx_HAL_Driver/Src/stm32f1xx_hal_spi.o
LOAD output/demo/obj/catOS/bsp/stm32f103c8t6_min/Libraries/STM32F1xx_HAL_Driver/Src/stm32f1xx_hal_irda.o
LOAD output/demo/obj/catOS/bsp/stm32f103c8t6_min/Libraries/STM32F1xx_HAL_Driver/Src/stm32f1xx_hal_dma.o
LOAD output/demo/obj/catOS/bsp/stm32f103c8t6_min/Libraries/STM32F1xx_HAL_Driver/Src/stm32f1xx_hal_rtc.o
LOAD output/demo/obj/catOS/bsp/stm32f103c8t6_min/Libraries/STM32F1xx_HAL_Driver/Src/stm32f1xx_hal_smartcard.o
LOAD output/demo/obj/catOS/bsp/stm32f103c8t6_min/Libraries/STM32F1xx_HAL_Driver/Src/stm32f1xx_hal_gpio_ex.o
LOAD output/demo/obj/catOS/bsp/stm32f103c8t6_min/Libraries/STM32F1xx_HAL_Driver/Src/stm32f1xx_hal_hcd.o
LOAD output/demo/obj/catOS/bsp/stm32f103c8t6_min/Libraries/STM32F1xx_HAL_Driver/Src/stm32f1xx_hal.o
LOAD output/demo/obj/catOS/bsp/stm32f103c8t6_min/Libraries/STM32F1xx_HAL_Driver/Src/stm32f1xx_hal_dac_ex.o
LOAD output/demo/obj/catOS/bsp/stm32f103c8t6_min/Libraries/STM32F1xx_HAL_Driver/Src/stm32f1xx_hal_pcd_ex.o
LOAD output/demo/obj/catOS/bsp/stm32f103c8t6_min/Libraries/STM32F1xx_HAL_Driver/Src/stm32f1xx_hal_i2s.o
LOAD output/demo/obj/catOS/bsp/stm32f103c8t6_min/Libraries/STM32F1xx_HAL_Driver/Src/stm32f1xx_hal_pccard.o
LOAD output/demo/obj/catOS/bsp/stm32f103c8t6_min/Libraries/STM32F1xx_HAL_Driver/Src/stm32f1xx_hal_i2c.o
LOAD output/demo/obj/catOS/bsp/stm32f103c8t6_min/Libraries/STM32F1xx_HAL_Driver/Src/stm32f1xx_hal_rtc_ex.o
LOAD output/demo/obj/catOS/bsp/stm32f103c8t6_min/Libraries/STM32F1xx_HAL_Driver/Src/stm32f1xx_hal_rcc_ex.o
LOAD output/demo/obj/catOS/bsp/stm32f103c8t6_min/Libraries/STM32F1xx_HAL_Driver/Src/stm32f1xx_hal_pcd.o
LOAD output/demo/obj/catOS/bsp/stm32f103c8t6_min/Libraries/STM32F1xx_HAL_Driver/Src/stm32f1xx_hal_adc.o
LOAD output/demo/obj/catOS/bsp/stm32f103c8t6_min/Libraries/STM32F1xx_HAL_Driver/Src/stm32f1xx_hal_uart.o
LOAD output/demo/obj/catOS/bsp/stm32f103c8t6_min/Libraries/STM32F1xx_HAL_Driver/Src/stm32f1xx_hal_mmc.o
LOAD output/demo/obj/catOS/bsp/stm32f103c8t6_min/Libraries/STM32F1xx_HAL_Driver/Src/stm32f1xx_hal_tim.o
LOAD output/demo/obj/catOS/bsp/stm32f103c8t6_min/Libraries/STM32F1xx_HAL_Driver/Src/stm32f1xx_hal_flash_ex.o
LOAD output/demo/obj/catOS/bsp/stm32f103c8t6_min/Libraries/STM32F1xx_HAL_Driver/Src/stm32f1xx_hal_sd.o
LOAD output/demo/obj/catOS/bsp/stm32f103c8t6_min/Libraries/STM32F1xx_HAL_Driver/Src/stm32f1xx_hal_cec.o
LOAD output/demo/obj/catOS/bsp/stm32f103c8t6_min/Libraries/STM32F1xx_HAL_Driver/Src/stm32f1xx_hal_wwdg.o
LOAD output/demo/obj/catOS/bsp/stm32f103c8t6_min/Libraries/STM32F1xx_HAL_Driver/Src/stm32f1xx_hal_cortex.o
LOAD output/demo/obj/catOS/bsp/stm32f103c8t6_min/Libraries/STM32F1xx_HAL_Driver/Src/stm32f1xx_hal_sram.o
LOAD output/demo/obj/catOS/bsp/stm32f103c8t6_min/port/port_asm.o
LOAD output/demo/obj/catOS/bsp/stm32f103c8t6_min/port/catos_start.o
LOAD output/demo/obj/catOS/bsp/stm32f103c8t6_min/port/port.o
LOAD output/demo/obj/user/bsp/board_led/bsp_board_led.o
LOAD output/demo/obj/user/bsp/iic/bsp_iic.o
LOAD output/demo/obj/user/bsp/lcd/oled.o
LOAD output/demo/obj/user/bsp/lcd/bsp_lcd.o
LOAD output/demo/obj/user/bsp/key/key.o
LOAD output/demo/obj/user/main.o
START GROUP
LOAD /home/mio/Desktop/dirs/SimpleRTOS/gcc-arm-none-eabi-10-2020-q4-major/bin/../lib/gcc/arm-none-eabi/10.2.1/thumb/nofp/libgcc.a
LOAD /home/mio/Desktop/dirs/SimpleRTOS/gcc-arm-none-eabi-10-2020-q4-major/bin/../lib/gcc/arm-none-eabi/10.2.1/../../../../arm-none-eabi/lib/thumb/nofp/libc_nano.a
END GROUP
START GROUP
LOAD /home/mio/Desktop/dirs/SimpleRTOS/gcc-arm-none-eabi-10-2020-q4-major/bin/../lib/gcc/arm-none-eabi/10.2.1/thumb/nofp/libgcc.a
LOAD /home/mio/Desktop/dirs/SimpleRTOS/gcc-arm-none-eabi-10-2020-q4-major/bin/../lib/gcc/arm-none-eabi/10.2.1/../../../../arm-none-eabi/lib/thumb/nofp/libc_nano.a
LOAD /home/mio/Desktop/dirs/SimpleRTOS/gcc-arm-none-eabi-10-2020-q4-major/bin/../lib/gcc/arm-none-eabi/10.2.1/../../../../arm-none-eabi/lib/thumb/nofp/libnosys.a
END GROUP
START GROUP
LOAD /home/mio/Desktop/dirs/SimpleRTOS/gcc-arm-none-eabi-10-2020-q4-major/bin/../lib/gcc/arm-none-eabi/10.2.1/thumb/nofp/libgcc.a
LOAD /home/mio/Desktop/dirs/SimpleRTOS/gcc-arm-none-eabi-10-2020-q4-major/bin/../lib/gcc/arm-none-eabi/10.2.1/../../../../arm-none-eabi/lib/thumb/nofp/libc_nano.a
LOAD /home/mio/Desktop/dirs/SimpleRTOS/gcc-arm-none-eabi-10-2020-q4-major/bin/../lib/gcc/arm-none-eabi/10.2.1/../../../../arm-none-eabi/lib/thumb/nofp/libnosys.a
END GROUP
OUTPUT(output/demo/bin/demo.elf elf32-littlearm)
LOAD linker stubs
LOAD /home/mio/Desktop/dirs/SimpleRTOS/gcc-arm-none-eabi-10-2020-q4-major/bin/../lib/gcc/arm-none-eabi/10.2.1/../../../../arm-none-eabi/lib/thumb/nofp/libc.a
LOAD /home/mio/Desktop/dirs/SimpleRTOS/gcc-arm-none-eabi-10-2020-q4-major/bin/../lib/gcc/arm-none-eabi/10.2.1/../../../../arm-none-eabi/lib/thumb/nofp/libm.a
LOAD /home/mio/Desktop/dirs/SimpleRTOS/gcc-arm-none-eabi-10-2020-q4-major/bin/../lib/gcc/arm-none-eabi/10.2.1/thumb/nofp/libgcc.a

.debug_info     0x0000000000000000     0x952a
 .debug_info    0x0000000000000000      0x3bd output/demo/obj/catOS/src/core/support/cat_list.o
 .debug_info    0x00000000000003bd      0x258 output/demo/obj/catOS/src/core/idle_task/cat_idle.o
 .debug_info    0x0000000000000615       0xc8 output/demo/obj/catOS/src/core/init/cat_init.o
 .debug_info    0x00000000000006dd      0x119 output/demo/obj/catOS/src/core/interrupt/cat_intr.o
 .debug_info    0x00000000000007f6      0x5d6 output/demo/obj/catOS/src/core/schedule/static_prio_sched/cat_sp_task.o
 .debug_info    0x0000000000000dcc      0x1d3 output/demo/obj/catOS/src/core/schedule/static_prio_sched/cat_bitmap.o
 .debug_info    0x0000000000000f9f      0x266 output/demo/obj/catOS/src/core/schedule/basic_task/cat_basic_task.o
 .debug_info    0x0000000000001205      0x507 output/demo/obj/catOS/src/component/mem_rw/mem_rw.o
 .debug_info    0x000000000000170c      0x37c output/demo/obj/catOS/src/component/cat_string/cat_string.o
 .debug_info    0x0000000000001a88      0x6d6 output/demo/obj/catOS/src/component/cat_stdio/cat_stdio.o
 .debug_info    0x000000000000215e      0x4be output/demo/obj/catOS/src/component/cat_shell/cat_shell_cmds.o
 .debug_info    0x000000000000261c      0x5ba output/demo/obj/catOS/src/component/cat_shell/cat_shell_port.o
 .debug_info    0x0000000000002bd6      0x5b9 output/demo/obj/catOS/src/component/cat_shell/cat_shell.o
 .debug_info    0x000000000000318f      0xb07 output/demo/obj/catOS/src/component/cat_device/cat_device.o
 .debug_info    0x0000000000003c96      0xc2f output/demo/obj/catOS/bsp/stm32f103c8t6_min/drivers/uart/cat_drv_uart.o
 .debug_info    0x00000000000048c5       0xa4 output/demo/obj/catOS/bsp/stm32f103c8t6_min/Libraries/STM32F1xx_HAL_Driver/stm32f1xx_it.o
 .debug_info    0x0000000000004969      0x3f8 output/demo/obj/catOS/bsp/stm32f103c8t6_min/Libraries/STM32F1xx_HAL_Driver/system_stm32f1xx.o
 .debug_info    0x0000000000004d61      0x611 output/demo/obj/catOS/bsp/stm32f103c8t6_min/Libraries/STM32F1xx_HAL_Driver/Src/stm32f1xx_hal_gpio.o
 .debug_info    0x0000000000005372      0x815 output/demo/obj/catOS/bsp/stm32f103c8t6_min/Libraries/STM32F1xx_HAL_Driver/Src/stm32f1xx_hal_rcc.o
 .debug_info    0x0000000000005b87      0x6dd output/demo/obj/catOS/bsp/stm32f103c8t6_min/Libraries/STM32F1xx_HAL_Driver/Src/stm32f1xx_hal.o
 .debug_info    0x0000000000006264     0x1542 output/demo/obj/catOS/bsp/stm32f103c8t6_min/Libraries/STM32F1xx_HAL_Driver/Src/stm32f1xx_hal_uart.o
 .debug_info    0x00000000000077a6      0xb1c output/demo/obj/catOS/bsp/stm32f103c8t6_min/Libraries/STM32F1xx_HAL_Driver/Src/stm32f1xx_hal_cortex.o
 .debug_info    0x00000000000082c2       0x26 output/demo/obj/catOS/bsp/stm32f103c8t6_min/port/port_asm.o
 .debug_info    0x00000000000082e8       0x22 output/demo/obj/catOS/bsp/stm32f103c8t6_min/port/catos_start.o
 .debug_info    0x000000000000830a      0x94b output/demo/obj/catOS/bsp/stm32f103c8t6_min/port/port.o
 .debug_info    0x0000000000008c55      0x2ba output/demo/obj/user/bsp/board_led/bsp_board_led.o
 .debug_info    0x0000000000008f0f      0x391 output/demo/obj/user/bsp/key/key.o
 .debug_info    0x00000000000092a0      0x28a output/demo/obj/user/main.o

.debug_abbrev   0x0000000000000000     0x27d8
 .debug_abbrev  0x0000000000000000       0xe3 output/demo/obj/catOS/src/core/support/cat_list.o
 .debug_abbrev  0x00000000000000e3       0xf9 output/demo/obj/catOS/src/core/idle_task/cat_idle.o
 .debug_abbrev  0x00000000000001dc       0x66 output/demo/obj/catOS/src/core/init/cat_init.o
 .debug_abbrev  0x0000000000000242       0xcf output/demo/obj/catOS/src/core/interrupt/cat_intr.o
 .debug_abbrev  0x0000000000000311      0x1d3 output/demo/obj/catOS/src/core/schedule/static_prio_sched/cat_sp_task.o
 .debug_abbrev  0x00000000000004e4      0x106 output/demo/obj/catOS/src/core/schedule/static_prio_sched/cat_bitmap.o
 .debug_abbrev  0x00000000000005ea       0xe9 output/demo/obj/catOS/src/core/schedule/basic_task/cat_basic_task.o
 .debug_abbrev  0x00000000000006d3      0x1c4 output/demo/obj/catOS/src/component/mem_rw/mem_rw.o
 .debug_abbrev  0x0000000000000897      0x13f output/demo/obj/catOS/src/component/cat_string/cat_string.o
 .debug_abbrev  0x00000000000009d6      0x1e9 output/demo/obj/catOS/src/component/cat_stdio/cat_stdio.o
 .debug_abbrev  0x0000000000000bbf      0x1c0 output/demo/obj/catOS/src/component/cat_shell/cat_shell_cmds.o
 .debug_abbrev  0x0000000000000d7f      0x18b output/demo/obj/catOS/src/component/cat_shell/cat_shell_port.o
 .debug_abbrev  0x0000000000000f0a      0x1de output/demo/obj/catOS/src/component/cat_shell/cat_shell.o
 .debug_abbrev  0x00000000000010e8      0x2aa output/demo/obj/catOS/src/component/cat_device/cat_device.o
 .debug_abbrev  0x0000000000001392      0x21a output/demo/obj/catOS/bsp/stm32f103c8t6_min/drivers/uart/cat_drv_uart.o
 .debug_abbrev  0x00000000000015ac       0x2e output/demo/obj/catOS/bsp/stm32f103c8t6_min/Libraries/STM32F1xx_HAL_Driver/stm32f1xx_it.o
 .debug_abbrev  0x00000000000015da      0x138 output/demo/obj/catOS/bsp/stm32f103c8t6_min/Libraries/STM32F1xx_HAL_Driver/system_stm32f1xx.o
 .debug_abbrev  0x0000000000001712      0x1b8 output/demo/obj/catOS/bsp/stm32f103c8t6_min/Libraries/STM32F1xx_HAL_Driver/Src/stm32f1xx_hal_gpio.o
 .debug_abbrev  0x00000000000018ca      0x25d output/demo/obj/catOS/bsp/stm32f103c8t6_min/Libraries/STM32F1xx_HAL_Driver/Src/stm32f1xx_hal_rcc.o
 .debug_abbrev  0x0000000000001b27      0x1c5 output/demo/obj/catOS/bsp/stm32f103c8t6_min/Libraries/STM32F1xx_HAL_Driver/Src/stm32f1xx_hal.o
 .debug_abbrev  0x0000000000001cec      0x249 output/demo/obj/catOS/bsp/stm32f103c8t6_min/Libraries/STM32F1xx_HAL_Driver/Src/stm32f1xx_hal_uart.o
 .debug_abbrev  0x0000000000001f35      0x2ea output/demo/obj/catOS/bsp/stm32f103c8t6_min/Libraries/STM32F1xx_HAL_Driver/Src/stm32f1xx_hal_cortex.o
 .debug_abbrev  0x000000000000221f       0x14 output/demo/obj/catOS/bsp/stm32f103c8t6_min/port/port_asm.o
 .debug_abbrev  0x0000000000002233       0x12 output/demo/obj/catOS/bsp/stm32f103c8t6_min/port/catos_start.o
 .debug_abbrev  0x0000000000002245      0x27b output/demo/obj/catOS/bsp/stm32f103c8t6_min/port/port.o
 .debug_abbrev  0x00000000000024c0      0x10a output/demo/obj/user/bsp/board_led/bsp_board_led.o
 .debug_abbrev  0x00000000000025ca      0x10a output/demo/obj/user/bsp/key/key.o
 .debug_abbrev  0x00000000000026d4      0x104 output/demo/obj/user/main.o

.debug_aranges  0x0000000000000000      0xaf0
 .debug_aranges
                0x0000000000000000       0x80 output/demo/obj/catOS/src/core/support/cat_list.o
 .debug_aranges
                0x0000000000000080       0x28 output/demo/obj/catOS/src/core/idle_task/cat_idle.o
 .debug_aranges
                0x00000000000000a8       0x20 output/demo/obj/catOS/src/core/init/cat_init.o
 .debug_aranges
                0x00000000000000c8       0x30 output/demo/obj/catOS/src/core/interrupt/cat_intr.o
 .debug_aranges
                0x00000000000000f8       0x98 output/demo/obj/catOS/src/core/schedule/static_prio_sched/cat_sp_task.o
 .debug_aranges
                0x0000000000000190       0x40 output/demo/obj/catOS/src/core/schedule/static_prio_sched/cat_bitmap.o
 .debug_aranges
                0x00000000000001d0       0x28 output/demo/obj/catOS/src/core/schedule/basic_task/cat_basic_task.o
 .debug_aranges
                0x00000000000001f8       0x38 output/demo/obj/catOS/src/component/mem_rw/mem_rw.o
 .debug_aranges
                0x0000000000000230       0x50 output/demo/obj/catOS/src/component/cat_string/cat_string.o
 .debug_aranges
                0x0000000000000280       0x68 output/demo/obj/catOS/src/component/cat_stdio/cat_stdio.o
 .debug_aranges
                0x00000000000002e8       0x40 output/demo/obj/catOS/src/component/cat_shell/cat_shell_cmds.o
 .debug_aranges
                0x0000000000000328       0x30 output/demo/obj/catOS/src/component/cat_shell/cat_shell_port.o
 .debug_aranges
                0x0000000000000358       0x58 output/demo/obj/catOS/src/component/cat_shell/cat_shell.o
 .debug_aranges
                0x00000000000003b0       0x90 output/demo/obj/catOS/src/component/cat_device/cat_device.o
 .debug_aranges
                0x0000000000000440       0x48 output/demo/obj/catOS/bsp/stm32f103c8t6_min/drivers/uart/cat_drv_uart.o
 .debug_aranges
                0x0000000000000488       0x50 output/demo/obj/catOS/bsp/stm32f103c8t6_min/Libraries/STM32F1xx_HAL_Driver/stm32f1xx_it.o
 .debug_aranges
                0x00000000000004d8       0x28 output/demo/obj/catOS/bsp/stm32f103c8t6_min/Libraries/STM32F1xx_HAL_Driver/system_stm32f1xx.o
 .debug_aranges
                0x0000000000000500       0x58 output/demo/obj/catOS/bsp/stm32f103c8t6_min/Libraries/STM32F1xx_HAL_Driver/Src/stm32f1xx_hal_gpio.o
 .debug_aranges
                0x0000000000000558       0x90 output/demo/obj/catOS/bsp/stm32f103c8t6_min/Libraries/STM32F1xx_HAL_Driver/Src/stm32f1xx_hal_rcc.o
 .debug_aranges
                0x00000000000005e8       0xe0 output/demo/obj/catOS/bsp/stm32f103c8t6_min/Libraries/STM32F1xx_HAL_Driver/Src/stm32f1xx_hal.o
 .debug_aranges
                0x00000000000006c8      0x200 output/demo/obj/catOS/bsp/stm32f103c8t6_min/Libraries/STM32F1xx_HAL_Driver/Src/stm32f1xx_hal_uart.o
 .debug_aranges
                0x00000000000008c8      0x100 output/demo/obj/catOS/bsp/stm32f103c8t6_min/Libraries/STM32F1xx_HAL_Driver/Src/stm32f1xx_hal_cortex.o
 .debug_aranges
                0x00000000000009c8       0x20 output/demo/obj/catOS/bsp/stm32f103c8t6_min/port/port_asm.o
 .debug_aranges
                0x00000000000009e8       0x28 output/demo/obj/catOS/bsp/stm32f103c8t6_min/port/catos_start.o
 .debug_aranges
                0x0000000000000a10       0x58 output/demo/obj/catOS/bsp/stm32f103c8t6_min/port/port.o
 .debug_aranges
                0x0000000000000a68       0x38 output/demo/obj/user/bsp/board_led/bsp_board_led.o
 .debug_aranges
                0x0000000000000aa0       0x20 output/demo/obj/user/bsp/key/key.o
 .debug_aranges
                0x0000000000000ac0       0x30 output/demo/obj/user/main.o

.debug_ranges   0x0000000000000000      0x958
 .debug_ranges  0x0000000000000000       0x70 output/demo/obj/catOS/src/core/support/cat_list.o
 .debug_ranges  0x0000000000000070       0x18 output/demo/obj/catOS/src/core/idle_task/cat_idle.o
 .debug_ranges  0x0000000000000088       0x10 output/demo/obj/catOS/src/core/init/cat_init.o
 .debug_ranges  0x0000000000000098       0x20 output/demo/obj/catOS/src/core/interrupt/cat_intr.o
 .debug_ranges  0x00000000000000b8       0x88 output/demo/obj/catOS/src/core/schedule/static_prio_sched/cat_sp_task.o
 .debug_ranges  0x0000000000000140       0x30 output/demo/obj/catOS/src/core/schedule/static_prio_sched/cat_bitmap.o
 .debug_ranges  0x0000000000000170       0x18 output/demo/obj/catOS/src/core/schedule/basic_task/cat_basic_task.o
 .debug_ranges  0x0000000000000188       0x28 output/demo/obj/catOS/src/component/mem_rw/mem_rw.o
 .debug_ranges  0x00000000000001b0       0x40 output/demo/obj/catOS/src/component/cat_string/cat_string.o
 .debug_ranges  0x00000000000001f0       0x58 output/demo/obj/catOS/src/component/cat_stdio/cat_stdio.o
 .debug_ranges  0x0000000000000248       0x30 output/demo/obj/catOS/src/component/cat_shell/cat_shell_cmds.o
 .debug_ranges  0x0000000000000278       0x20 output/demo/obj/catOS/src/component/cat_shell/cat_shell_port.o
 .debug_ranges  0x0000000000000298       0x48 output/demo/obj/catOS/src/component/cat_shell/cat_shell.o
 .debug_ranges  0x00000000000002e0       0x80 output/demo/obj/catOS/src/component/cat_device/cat_device.o
 .debug_ranges  0x0000000000000360       0x38 output/demo/obj/catOS/bsp/stm32f103c8t6_min/drivers/uart/cat_drv_uart.o
 .debug_ranges  0x0000000000000398       0x40 output/demo/obj/catOS/bsp/stm32f103c8t6_min/Libraries/STM32F1xx_HAL_Driver/stm32f1xx_it.o
 .debug_ranges  0x00000000000003d8       0x18 output/demo/obj/catOS/bsp/stm32f103c8t6_min/Libraries/STM32F1xx_HAL_Driver/system_stm32f1xx.o
 .debug_ranges  0x00000000000003f0       0x48 output/demo/obj/catOS/bsp/stm32f103c8t6_min/Libraries/STM32F1xx_HAL_Driver/Src/stm32f1xx_hal_gpio.o
 .debug_ranges  0x0000000000000438       0x80 output/demo/obj/catOS/bsp/stm32f103c8t6_min/Libraries/STM32F1xx_HAL_Driver/Src/stm32f1xx_hal_rcc.o
 .debug_ranges  0x00000000000004b8       0xd0 output/demo/obj/catOS/bsp/stm32f103c8t6_min/Libraries/STM32F1xx_HAL_Driver/Src/stm32f1xx_hal.o
 .debug_ranges  0x0000000000000588      0x220 output/demo/obj/catOS/bsp/stm32f103c8t6_min/Libraries/STM32F1xx_HAL_Driver/Src/stm32f1xx_hal_uart.o
 .debug_ranges  0x00000000000007a8       0xf0 output/demo/obj/catOS/bsp/stm32f103c8t6_min/Libraries/STM32F1xx_HAL_Driver/Src/stm32f1xx_hal_cortex.o
 .debug_ranges  0x0000000000000898       0x20 output/demo/obj/catOS/bsp/stm32f103c8t6_min/port/catos_start.o
 .debug_ranges  0x00000000000008b8       0x48 output/demo/obj/catOS/bsp/stm32f103c8t6_min/port/port.o
 .debug_ranges  0x0000000000000900       0x28 output/demo/obj/user/bsp/board_led/bsp_board_led.o
 .debug_ranges  0x0000000000000928       0x10 output/demo/obj/user/bsp/key/key.o
 .debug_ranges  0x0000000000000938       0x20 output/demo/obj/user/main.o

.debug_line     0x0000000000000000     0x789b
 .debug_line    0x0000000000000000      0x387 output/demo/obj/catOS/src/core/support/cat_list.o
 .debug_line    0x0000000000000387      0x270 output/demo/obj/catOS/src/core/idle_task/cat_idle.o
 .debug_line    0x00000000000005f7      0x1c2 output/demo/obj/catOS/src/core/init/cat_init.o
 .debug_line    0x00000000000007b9      0x228 output/demo/obj/catOS/src/core/interrupt/cat_intr.o
 .debug_line    0x00000000000009e1      0x515 output/demo/obj/catOS/src/core/schedule/static_prio_sched/cat_sp_task.o
 .debug_line    0x0000000000000ef6      0x251 output/demo/obj/catOS/src/core/schedule/static_prio_sched/cat_bitmap.o
 .debug_line    0x0000000000001147      0x23d output/demo/obj/catOS/src/core/schedule/basic_task/cat_basic_task.o
 .debug_line    0x0000000000001384      0x2b2 output/demo/obj/catOS/src/component/mem_rw/mem_rw.o
 .debug_line    0x0000000000001636      0x4b8 output/demo/obj/catOS/src/component/cat_string/cat_string.o
 .debug_line    0x0000000000001aee      0x5c7 output/demo/obj/catOS/src/component/cat_stdio/cat_stdio.o
 .debug_line    0x00000000000020b5      0x2cf output/demo/obj/catOS/src/component/cat_shell/cat_shell_cmds.o
 .debug_line    0x0000000000002384      0x317 output/demo/obj/catOS/src/component/cat_shell/cat_shell_port.o
 .debug_line    0x000000000000269b      0x47d output/demo/obj/catOS/src/component/cat_shell/cat_shell.o
 .debug_line    0x0000000000002b18      0x5b7 output/demo/obj/catOS/src/component/cat_device/cat_device.o
 .debug_line    0x00000000000030cf      0x437 output/demo/obj/catOS/bsp/stm32f103c8t6_min/drivers/uart/cat_drv_uart.o
 .debug_line    0x0000000000003506      0x133 output/demo/obj/catOS/bsp/stm32f103c8t6_min/Libraries/STM32F1xx_HAL_Driver/stm32f1xx_it.o
 .debug_line    0x0000000000003639      0x31e output/demo/obj/catOS/bsp/stm32f103c8t6_min/Libraries/STM32F1xx_HAL_Driver/system_stm32f1xx.o
 .debug_line    0x0000000000003957      0x5be output/demo/obj/catOS/bsp/stm32f103c8t6_min/Libraries/STM32F1xx_HAL_Driver/Src/stm32f1xx_hal_gpio.o
 .debug_line    0x0000000000003f15      0x99e output/demo/obj/catOS/bsp/stm32f103c8t6_min/Libraries/STM32F1xx_HAL_Driver/Src/stm32f1xx_hal_rcc.o
 .debug_line    0x00000000000048b3      0x58e output/demo/obj/catOS/bsp/stm32f103c8t6_min/Libraries/STM32F1xx_HAL_Driver/Src/stm32f1xx_hal.o
 .debug_line    0x0000000000004e41     0x1628 output/demo/obj/catOS/bsp/stm32f103c8t6_min/Libraries/STM32F1xx_HAL_Driver/Src/stm32f1xx_hal_uart.o
 .debug_line    0x0000000000006469      0x6f2 output/demo/obj/catOS/bsp/stm32f103c8t6_min/Libraries/STM32F1xx_HAL_Driver/Src/stm32f1xx_hal_cortex.o
 .debug_line    0x0000000000006b5b       0xa9 output/demo/obj/catOS/bsp/stm32f103c8t6_min/port/port_asm.o
 .debug_line    0x0000000000006c04       0xb7 output/demo/obj/catOS/bsp/stm32f103c8t6_min/port/catos_start.o
 .debug_line    0x0000000000006cbb      0x48f output/demo/obj/catOS/bsp/stm32f103c8t6_min/port/port.o
 .debug_line    0x000000000000714a      0x290 output/demo/obj/user/bsp/board_led/bsp_board_led.o
 .debug_line    0x00000000000073da      0x229 output/demo/obj/user/bsp/key/key.o
 .debug_line    0x0000000000007603      0x298 output/demo/obj/user/main.o

.debug_str      0x0000000000000000     0x38f7
 .debug_str     0x0000000000000000      0x2d5 output/demo/obj/catOS/src/core/support/cat_list.o
                                        0x327 (size before relaxing)
 .debug_str     0x00000000000002d5      0x175 output/demo/obj/catOS/src/core/idle_task/cat_idle.o
                                        0x2f6 (size before relaxing)
 .debug_str     0x000000000000044a       0xa5 output/demo/obj/catOS/src/core/init/cat_init.o
                                        0x1f6 (size before relaxing)
 .debug_str     0x00000000000004ef       0xeb output/demo/obj/catOS/src/core/interrupt/cat_intr.o
                                        0x240 (size before relaxing)
 .debug_str     0x00000000000005da      0x2b7 output/demo/obj/catOS/src/core/schedule/static_prio_sched/cat_sp_task.o
                                        0x4ef (size before relaxing)
 .debug_str     0x0000000000000891       0xcf output/demo/obj/catOS/src/core/schedule/static_prio_sched/cat_bitmap.o
                                        0x294 (size before relaxing)
 .debug_str     0x0000000000000960       0xd0 output/demo/obj/catOS/src/core/schedule/basic_task/cat_basic_task.o
                                        0x2c5 (size before relaxing)
 .debug_str     0x0000000000000a30      0x221 output/demo/obj/catOS/src/component/mem_rw/mem_rw.o
                                        0x3e7 (size before relaxing)
 .debug_str     0x0000000000000c51      0x136 output/demo/obj/catOS/src/component/cat_string/cat_string.o
                                        0x2c3 (size before relaxing)
 .debug_str     0x0000000000000d87      0x300 output/demo/obj/catOS/src/component/cat_stdio/cat_stdio.o
                                        0x514 (size before relaxing)
 .debug_str     0x0000000000001087      0x15f output/demo/obj/catOS/src/component/cat_shell/cat_shell_cmds.o
                                        0x42d (size before relaxing)
 .debug_str     0x00000000000011e6       0xf9 output/demo/obj/catOS/src/component/cat_shell/cat_shell_port.o
                                        0x4e9 (size before relaxing)
 .debug_str     0x00000000000012df      0x10b output/demo/obj/catOS/src/component/cat_shell/cat_shell.o
                                        0x49f (size before relaxing)
 .debug_str     0x00000000000013ea      0x1e6 output/demo/obj/catOS/src/component/cat_device/cat_device.o
                                        0x663 (size before relaxing)
 .debug_str     0x00000000000015d0      0x5e7 output/demo/obj/catOS/bsp/stm32f103c8t6_min/drivers/uart/cat_drv_uart.o
                                        0x926 (size before relaxing)
 .debug_str     0x0000000000001bb7      0x14e output/demo/obj/catOS/bsp/stm32f103c8t6_min/Libraries/STM32F1xx_HAL_Driver/stm32f1xx_it.o
                                        0x1e4 (size before relaxing)
 .debug_str     0x0000000000001d05      0x137 output/demo/obj/catOS/bsp/stm32f103c8t6_min/Libraries/STM32F1xx_HAL_Driver/system_stm32f1xx.o
                                        0x32f (size before relaxing)
 .debug_str     0x0000000000001e3c      0x26f output/demo/obj/catOS/bsp/stm32f103c8t6_min/Libraries/STM32F1xx_HAL_Driver/Src/stm32f1xx_hal_gpio.o
                                        0x46d (size before relaxing)
 .debug_str     0x00000000000020ab      0x3aa output/demo/obj/catOS/bsp/stm32f103c8t6_min/Libraries/STM32F1xx_HAL_Driver/Src/stm32f1xx_hal_rcc.o
                                        0x671 (size before relaxing)
 .debug_str     0x0000000000002455      0x5d0 output/demo/obj/catOS/bsp/stm32f103c8t6_min/Libraries/STM32F1xx_HAL_Driver/Src/stm32f1xx_hal.o
                                        0x84c (size before relaxing)
 .debug_str     0x0000000000002a25      0x658 output/demo/obj/catOS/bsp/stm32f103c8t6_min/Libraries/STM32F1xx_HAL_Driver/Src/stm32f1xx_hal_uart.o
                                        0xc84 (size before relaxing)
 .debug_str     0x000000000000307d      0x3ed output/demo/obj/catOS/bsp/stm32f103c8t6_min/Libraries/STM32F1xx_HAL_Driver/Src/stm32f1xx_hal_cortex.o
                                        0x940 (size before relaxing)
 .debug_str     0x000000000000346a       0xb3 output/demo/obj/catOS/bsp/stm32f103c8t6_min/port/port_asm.o
 .debug_str     0x000000000000351d       0x5b output/demo/obj/catOS/bsp/stm32f103c8t6_min/port/catos_start.o
                                         0xb6 (size before relaxing)
 .debug_str     0x0000000000003578      0x151 output/demo/obj/catOS/bsp/stm32f103c8t6_min/port/port.o
                                        0x81b (size before relaxing)
 .debug_str     0x00000000000036c9       0xc9 output/demo/obj/user/bsp/board_led/bsp_board_led.o
                                        0x2a5 (size before relaxing)
 .debug_str     0x0000000000003792       0x9b output/demo/obj/user/bsp/key/key.o
                                        0x53c (size before relaxing)
 .debug_str     0x000000000000382d       0xca output/demo/obj/user/main.o
                                        0x2cb (size before relaxing)

.comment        0x0000000000000000       0x4d
 .comment       0x0000000000000000       0x4d output/demo/obj/catOS/src/core/support/cat_list.o
                                         0x4e (size before relaxing)
 .comment       0x000000000000004d       0x4e output/demo/obj/catOS/src/core/idle_task/cat_idle.o
 .comment       0x000000000000004d       0x4e output/demo/obj/catOS/src/core/init/cat_init.o
 .comment       0x000000000000004d       0x4e output/demo/obj/catOS/src/core/interrupt/cat_intr.o
 .comment       0x000000000000004d       0x4e output/demo/obj/catOS/src/core/schedule/static_prio_sched/cat_sp_task.o
 .comment       0x000000000000004d       0x4e output/demo/obj/catOS/src/core/schedule/static_prio_sched/cat_bitmap.o
 .comment       0x000000000000004d       0x4e output/demo/obj/catOS/src/core/schedule/basic_task/cat_basic_task.o
 .comment       0x000000000000004d       0x4e output/demo/obj/catOS/src/component/mem_rw/mem_rw.o
 .comment       0x000000000000004d       0x4e output/demo/obj/catOS/src/component/cat_string/cat_string.o
 .comment       0x000000000000004d       0x4e output/demo/obj/catOS/src/component/cat_stdio/cat_stdio.o
 .comment       0x000000000000004d       0x4e output/demo/obj/catOS/src/component/cat_shell/cat_shell_cmds.o
 .comment       0x000000000000004d       0x4e output/demo/obj/catOS/src/component/cat_shell/cat_shell_port.o
 .comment       0x000000000000004d       0x4e output/demo/obj/catOS/src/component/cat_shell/cat_shell.o
 .comment       0x000000000000004d       0x4e output/demo/obj/catOS/src/component/cat_device/cat_device.o
 .comment       0x000000000000004d       0x4e output/demo/obj/catOS/bsp/stm32f103c8t6_min/drivers/uart/cat_drv_uart.o
 .comment       0x000000000000004d       0x4e output/demo/obj/catOS/bsp/stm32f103c8t6_min/Libraries/STM32F1xx_HAL_Driver/stm32f1xx_it.o
 .comment       0x000000000000004d       0x4e output/demo/obj/catOS/bsp/stm32f103c8t6_min/Libraries/STM32F1xx_HAL_Driver/system_stm32f1xx.o
 .comment       0x000000000000004d       0x4e output/demo/obj/catOS/bsp/stm32f103c8t6_min/Libraries/STM32F1xx_HAL_Driver/Src/stm32f1xx_hal_gpio.o
 .comment       0x000000000000004d       0x4e output/demo/obj/catOS/bsp/stm32f103c8t6_min/Libraries/STM32F1xx_HAL_Driver/Src/stm32f1xx_hal_rcc.o
 .comment       0x000000000000004d       0x4e output/demo/obj/catOS/bsp/stm32f103c8t6_min/Libraries/STM32F1xx_HAL_Driver/Src/stm32f1xx_hal.o
 .comment       0x000000000000004d       0x4e output/demo/obj/catOS/bsp/stm32f103c8t6_min/Libraries/STM32F1xx_HAL_Driver/Src/stm32f1xx_hal_uart.o
 .comment       0x000000000000004d       0x4e output/demo/obj/catOS/bsp/stm32f103c8t6_min/Libraries/STM32F1xx_HAL_Driver/Src/stm32f1xx_hal_cortex.o
 .comment       0x000000000000004d       0x4e output/demo/obj/catOS/bsp/stm32f103c8t6_min/port/port.o
 .comment       0x000000000000004d       0x4e output/demo/obj/user/bsp/board_led/bsp_board_led.o
 .comment       0x000000000000004d       0x4e output/demo/obj/user/bsp/key/key.o
 .comment       0x000000000000004d       0x4e output/demo/obj/user/main.o

.debug_frame    0x0000000000000000     0x2700
 .debug_frame   0x0000000000000000      0x218 output/demo/obj/catOS/src/core/support/cat_list.o
 .debug_frame   0x0000000000000218       0x50 output/demo/obj/catOS/src/core/idle_task/cat_idle.o
 .debug_frame   0x0000000000000268       0x2c output/demo/obj/catOS/src/core/init/cat_init.o
 .debug_frame   0x0000000000000294       0x70 output/demo/obj/catOS/src/core/interrupt/cat_intr.o
 .debug_frame   0x0000000000000304      0x24c output/demo/obj/catOS/src/core/schedule/static_prio_sched/cat_sp_task.o
 .debug_frame   0x0000000000000550       0xcc output/demo/obj/catOS/src/core/schedule/static_prio_sched/cat_bitmap.o
 .debug_frame   0x000000000000061c       0x4c output/demo/obj/catOS/src/core/schedule/basic_task/cat_basic_task.o
 .debug_frame   0x0000000000000668       0xa4 output/demo/obj/catOS/src/component/mem_rw/mem_rw.o
 .debug_frame   0x000000000000070c      0x114 output/demo/obj/catOS/src/component/cat_string/cat_string.o
 .debug_frame   0x0000000000000820      0x1ac output/demo/obj/catOS/src/component/cat_stdio/cat_stdio.o
 .debug_frame   0x00000000000009cc       0xc4 output/demo/obj/catOS/src/component/cat_shell/cat_shell_cmds.o
 .debug_frame   0x0000000000000a90       0x7c output/demo/obj/catOS/src/component/cat_shell/cat_shell_port.o
 .debug_frame   0x0000000000000b0c      0x13c output/demo/obj/catOS/src/component/cat_shell/cat_shell.o
 .debug_frame   0x0000000000000c48      0x244 output/demo/obj/catOS/src/component/cat_device/cat_device.o
 .debug_frame   0x0000000000000e8c       0xec output/demo/obj/catOS/bsp/stm32f103c8t6_min/drivers/uart/cat_drv_uart.o
 .debug_frame   0x0000000000000f78       0xd0 output/demo/obj/catOS/bsp/stm32f103c8t6_min/Libraries/STM32F1xx_HAL_Driver/stm32f1xx_it.o
 .debug_frame   0x0000000000001048       0x58 output/demo/obj/catOS/bsp/stm32f103c8t6_min/Libraries/STM32F1xx_HAL_Driver/system_stm32f1xx.o
 .debug_frame   0x00000000000010a0      0x14c output/demo/obj/catOS/bsp/stm32f103c8t6_min/Libraries/STM32F1xx_HAL_Driver/Src/stm32f1xx_hal_gpio.o
 .debug_frame   0x00000000000011ec      0x21c output/demo/obj/catOS/bsp/stm32f103c8t6_min/Libraries/STM32F1xx_HAL_Driver/Src/stm32f1xx_hal_rcc.o
 .debug_frame   0x0000000000001408      0x334 output/demo/obj/catOS/bsp/stm32f103c8t6_min/Libraries/STM32F1xx_HAL_Driver/Src/stm32f1xx_hal.o
 .debug_frame   0x000000000000173c      0x914 output/demo/obj/catOS/bsp/stm32f103c8t6_min/Libraries/STM32F1xx_HAL_Driver/Src/stm32f1xx_hal_uart.o
 .debug_frame   0x0000000000002050      0x428 output/demo/obj/catOS/bsp/stm32f103c8t6_min/Libraries/STM32F1xx_HAL_Driver/Src/stm32f1xx_hal_cortex.o
 .debug_frame   0x0000000000002478      0x12c output/demo/obj/catOS/bsp/stm32f103c8t6_min/port/port.o
 .debug_frame   0x00000000000025a4       0x94 output/demo/obj/user/bsp/board_led/bsp_board_led.o
 .debug_frame   0x0000000000002638       0x34 output/demo/obj/user/bsp/key/key.o
 .debug_frame   0x000000000000266c       0x74 output/demo/obj/user/main.o
 .debug_frame   0x00000000000026e0       0x20 /home/mio/Desktop/dirs/SimpleRTOS/gcc-arm-none-eabi-10-2020-q4-major/bin/../lib/gcc/arm-none-eabi/10.2.1/../../../../arm-none-eabi/lib/thumb/nofp/libc_nano.a(lib_a-memset.o)

Cross Reference Table

Symbol                                            File
ADC1_2_IRQHandler                                 output/demo/obj/catOS/bsp/stm32f103c8t6_min/port/catos_start.o
ADC3_IRQHandler                                   output/demo/obj/catOS/bsp/stm32f103c8t6_min/port/catos_start.o
AHBPrescTable                                     output/demo/obj/catOS/bsp/stm32f103c8t6_min/Libraries/STM32F1xx_HAL_Driver/system_stm32f1xx.o
                                                  output/demo/obj/catOS/bsp/stm32f103c8t6_min/Libraries/STM32F1xx_HAL_Driver/Src/stm32f1xx_hal_rcc.o
APBPrescTable                                     output/demo/obj/catOS/bsp/stm32f103c8t6_min/Libraries/STM32F1xx_HAL_Driver/system_stm32f1xx.o
                                                  output/demo/obj/catOS/bsp/stm32f103c8t6_min/Libraries/STM32F1xx_HAL_Driver/Src/stm32f1xx_hal_rcc.o
BusFault_Handler                                  output/demo/obj/catOS/bsp/stm32f103c8t6_min/Libraries/STM32F1xx_HAL_Driver/stm32f1xx_it.o
CAN1_RX1_IRQHandler                               output/demo/obj/catOS/bsp/stm32f103c8t6_min/port/catos_start.o
CAN1_SCE_IRQHandler                               output/demo/obj/catOS/bsp/stm32f103c8t6_min/port/catos_start.o
DMA1_Channel1_IRQHandler                          output/demo/obj/catOS/bsp/stm32f103c8t6_min/port/catos_start.o
DMA1_Channel2_IRQHandler                          output/demo/obj/catOS/bsp/stm32f103c8t6_min/port/catos_start.o
DMA1_Channel3_IRQHandler                          output/demo/obj/catOS/bsp/stm32f103c8t6_min/port/catos_start.o
DMA1_Channel4_IRQHandler                          output/demo/obj/catOS/bsp/stm32f103c8t6_min/port/catos_start.o
DMA1_Channel5_IRQHandler                          output/demo/obj/catOS/bsp/stm32f103c8t6_min/port/catos_start.o
DMA1_Channel6_IRQHandler                          output/demo/obj/catOS/bsp/stm32f103c8t6_min/port/catos_start.o
DMA1_Channel7_IRQHandler                          output/demo/obj/catOS/bsp/stm32f103c8t6_min/port/catos_start.o
DMA2_Channel1_IRQHandler                          output/demo/obj/catOS/bsp/stm32f103c8t6_min/port/catos_start.o
DMA2_Channel2_IRQHandler                          output/demo/obj/catOS/bsp/stm32f103c8t6_min/port/catos_start.o
DMA2_Channel3_IRQHandler                          output/demo/obj/catOS/bsp/stm32f103c8t6_min/port/catos_start.o
DMA2_Channel4_5_IRQHandler                        output/demo/obj/catOS/bsp/stm32f103c8t6_min/port/catos_start.o
DebugMon_Handler                                  output/demo/obj/catOS/bsp/stm32f103c8t6_min/Libraries/STM32F1xx_HAL_Driver/stm32f1xx_it.o
Default_Handler                                   output/demo/obj/catOS/bsp/stm32f103c8t6_min/port/catos_start.o
EXTI0_IRQHandler                                  output/demo/obj/catOS/bsp/stm32f103c8t6_min/port/catos_start.o
EXTI15_10_IRQHandler                              output/demo/obj/catOS/bsp/stm32f103c8t6_min/port/catos_start.o
EXTI1_IRQHandler                                  output/demo/obj/catOS/bsp/stm32f103c8t6_min/port/catos_start.o
EXTI2_IRQHandler                                  output/demo/obj/catOS/bsp/stm32f103c8t6_min/port/catos_start.o
EXTI3_IRQHandler                                  output/demo/obj/catOS/bsp/stm32f103c8t6_min/port/catos_start.o
EXTI4_IRQHandler                                  output/demo/obj/catOS/bsp/stm32f103c8t6_min/port/catos_start.o
EXTI9_5_IRQHandler                                output/demo/obj/catOS/bsp/stm32f103c8t6_min/port/catos_start.o
EXTI_Key_Config                                   output/demo/obj/user/bsp/key/key.o
                                                  output/demo/obj/user/main.o
FLASH_IRQHandler                                  output/demo/obj/catOS/bsp/stm32f103c8t6_min/port/catos_start.o
FLASH_PageErase                                   output/demo/obj/catOS/bsp/stm32f103c8t6_min/Libraries/STM32F1xx_HAL_Driver/Src/stm32f1xx_hal_flash_ex.o
                                                  output/demo/obj/catOS/bsp/stm32f103c8t6_min/Libraries/STM32F1xx_HAL_Driver/Src/stm32f1xx_hal_flash.o
FLASH_WaitForLastOperation                        output/demo/obj/catOS/bsp/stm32f103c8t6_min/Libraries/STM32F1xx_HAL_Driver/Src/stm32f1xx_hal_flash.o
                                                  output/demo/obj/catOS/bsp/stm32f103c8t6_min/Libraries/STM32F1xx_HAL_Driver/Src/stm32f1xx_hal_flash_ex.o
FSMC_IRQHandler                                   output/demo/obj/catOS/bsp/stm32f103c8t6_min/port/catos_start.o
HAL_DBGMCU_DisableDBGSleepMode                    output/demo/obj/catOS/bsp/stm32f103c8t6_min/Libraries/STM32F1xx_HAL_Driver/Src/stm32f1xx_hal.o
HAL_DBGMCU_DisableDBGStandbyMode                  output/demo/obj/catOS/bsp/stm32f103c8t6_min/Libraries/STM32F1xx_HAL_Driver/Src/stm32f1xx_hal.o
HAL_DBGMCU_DisableDBGStopMode                     output/demo/obj/catOS/bsp/stm32f103c8t6_min/Libraries/STM32F1xx_HAL_Driver/Src/stm32f1xx_hal.o
HAL_DBGMCU_EnableDBGSleepMode                     output/demo/obj/catOS/bsp/stm32f103c8t6_min/Libraries/STM32F1xx_HAL_Driver/Src/stm32f1xx_hal.o
HAL_DBGMCU_EnableDBGStandbyMode                   output/demo/obj/catOS/bsp/stm32f103c8t6_min/Libraries/STM32F1xx_HAL_Driver/Src/stm32f1xx_hal.o
HAL_DBGMCU_EnableDBGStopMode                      output/demo/obj/catOS/bsp/stm32f103c8t6_min/Libraries/STM32F1xx_HAL_Driver/Src/stm32f1xx_hal.o
HAL_DMA_Abort                                     output/demo/obj/catOS/bsp/stm32f103c8t6_min/Libraries/STM32F1xx_HAL_Driver/Src/stm32f1xx_hal_dma.o
                                                  output/demo/obj/catOS/bsp/stm32f103c8t6_min/Libraries/STM32F1xx_HAL_Driver/Src/stm32f1xx_hal_uart.o
HAL_DMA_Abort_IT                                  output/demo/obj/catOS/bsp/stm32f103c8t6_min/Libraries/STM32F1xx_HAL_Driver/Src/stm32f1xx_hal_dma.o
                                                  output/demo/obj/catOS/bsp/stm32f103c8t6_min/Libraries/STM32F1xx_HAL_Driver/Src/stm32f1xx_hal_uart.o
HAL_DMA_DeInit                                    output/demo/obj/catOS/bsp/stm32f103c8t6_min/Libraries/STM32F1xx_HAL_Driver/Src/stm32f1xx_hal_dma.o
HAL_DMA_GetError                                  output/demo/obj/catOS/bsp/stm32f103c8t6_min/Libraries/STM32F1xx_HAL_Driver/Src/stm32f1xx_hal_dma.o
                                                  output/demo/obj/catOS/bsp/stm32f103c8t6_min/Libraries/STM32F1xx_HAL_Driver/Src/stm32f1xx_hal_uart.o
HAL_DMA_GetState                                  output/demo/obj/catOS/bsp/stm32f103c8t6_min/Libraries/STM32F1xx_HAL_Driver/Src/stm32f1xx_hal_dma.o
HAL_DMA_IRQHandler                                output/demo/obj/catOS/bsp/stm32f103c8t6_min/Libraries/STM32F1xx_HAL_Driver/Src/stm32f1xx_hal_dma.o
HAL_DMA_Init                                      output/demo/obj/catOS/bsp/stm32f103c8t6_min/Libraries/STM32F1xx_HAL_Driver/Src/stm32f1xx_hal_dma.o
HAL_DMA_PollForTransfer                           output/demo/obj/catOS/bsp/stm32f103c8t6_min/Libraries/STM32F1xx_HAL_Driver/Src/stm32f1xx_hal_dma.o
HAL_DMA_RegisterCallback                          output/demo/obj/catOS/bsp/stm32f103c8t6_min/Libraries/STM32F1xx_HAL_Driver/Src/stm32f1xx_hal_dma.o
HAL_DMA_Start                                     output/demo/obj/catOS/bsp/stm32f103c8t6_min/Libraries/STM32F1xx_HAL_Driver/Src/stm32f1xx_hal_dma.o
HAL_DMA_Start_IT                                  output/demo/obj/catOS/bsp/stm32f103c8t6_min/Libraries/STM32F1xx_HAL_Driver/Src/stm32f1xx_hal_dma.o
                                                  output/demo/obj/catOS/bsp/stm32f103c8t6_min/Libraries/STM32F1xx_HAL_Driver/Src/stm32f1xx_hal_uart.o
HAL_DMA_UnRegisterCallback                        output/demo/obj/catOS/bsp/stm32f103c8t6_min/Libraries/STM32F1xx_HAL_Driver/Src/stm32f1xx_hal_dma.o
HAL_DeInit                                        output/demo/obj/catOS/bsp/stm32f103c8t6_min/Libraries/STM32F1xx_HAL_Driver/Src/stm32f1xx_hal.o
HAL_Delay                                         output/demo/obj/catOS/bsp/stm32f103c8t6_min/Libraries/STM32F1xx_HAL_Driver/Src/stm32f1xx_hal.o
HAL_FLASHEx_Erase                                 output/demo/obj/catOS/bsp/stm32f103c8t6_min/Libraries/STM32F1xx_HAL_Driver/Src/stm32f1xx_hal_flash_ex.o
HAL_FLASHEx_Erase_IT                              output/demo/obj/catOS/bsp/stm32f103c8t6_min/Libraries/STM32F1xx_HAL_Driver/Src/stm32f1xx_hal_flash_ex.o
HAL_FLASHEx_OBErase                               output/demo/obj/catOS/bsp/stm32f103c8t6_min/Libraries/STM32F1xx_HAL_Driver/Src/stm32f1xx_hal_flash_ex.o
HAL_FLASHEx_OBGetConfig                           output/demo/obj/catOS/bsp/stm32f103c8t6_min/Libraries/STM32F1xx_HAL_Driver/Src/stm32f1xx_hal_flash_ex.o
HAL_FLASHEx_OBGetUserData                         output/demo/obj/catOS/bsp/stm32f103c8t6_min/Libraries/STM32F1xx_HAL_Driver/Src/stm32f1xx_hal_flash_ex.o
HAL_FLASHEx_OBProgram                             output/demo/obj/catOS/bsp/stm32f103c8t6_min/Libraries/STM32F1xx_HAL_Driver/Src/stm32f1xx_hal_flash_ex.o
HAL_FLASH_EndOfOperationCallback                  output/demo/obj/catOS/bsp/stm32f103c8t6_min/Libraries/STM32F1xx_HAL_Driver/Src/stm32f1xx_hal_flash.o
HAL_FLASH_GetError                                output/demo/obj/catOS/bsp/stm32f103c8t6_min/Libraries/STM32F1xx_HAL_Driver/Src/stm32f1xx_hal_flash.o
HAL_FLASH_IRQHandler                              output/demo/obj/catOS/bsp/stm32f103c8t6_min/Libraries/STM32F1xx_HAL_Driver/Src/stm32f1xx_hal_flash.o
HAL_FLASH_Lock                                    output/demo/obj/catOS/bsp/stm32f103c8t6_min/Libraries/STM32F1xx_HAL_Driver/Src/stm32f1xx_hal_flash.o
HAL_FLASH_OB_Launch                               output/demo/obj/catOS/bsp/stm32f103c8t6_min/Libraries/STM32F1xx_HAL_Driver/Src/stm32f1xx_hal_flash.o
HAL_FLASH_OB_Lock                                 output/demo/obj/catOS/bsp/stm32f103c8t6_min/Libraries/STM32F1xx_HAL_Driver/Src/stm32f1xx_hal_flash.o
HAL_FLASH_OB_Unlock                               output/demo/obj/catOS/bsp/stm32f103c8t6_min/Libraries/STM32F1xx_HAL_Driver/Src/stm32f1xx_hal_flash.o
HAL_FLASH_OperationErrorCallback                  output/demo/obj/catOS/bsp/stm32f103c8t6_min/Libraries/STM32F1xx_HAL_Driver/Src/stm32f1xx_hal_flash.o
HAL_FLASH_Program                                 output/demo/obj/catOS/bsp/stm32f103c8t6_min/Libraries/STM32F1xx_HAL_Driver/Src/stm32f1xx_hal_flash.o
HAL_FLASH_Program_IT                              output/demo/obj/catOS/bsp/stm32f103c8t6_min/Libraries/STM32F1xx_HAL_Driver/Src/stm32f1xx_hal_flash.o
HAL_FLASH_Unlock                                  output/demo/obj/catOS/bsp/stm32f103c8t6_min/Libraries/STM32F1xx_HAL_Driver/Src/stm32f1xx_hal_flash.o
HAL_GPIOEx_ConfigEventout                         output/demo/obj/catOS/bsp/stm32f103c8t6_min/Libraries/STM32F1xx_HAL_Driver/Src/stm32f1xx_hal_gpio_ex.o
HAL_GPIOEx_DisableEventout                        output/demo/obj/catOS/bsp/stm32f103c8t6_min/Libraries/STM32F1xx_HAL_Driver/Src/stm32f1xx_hal_gpio_ex.o
HAL_GPIOEx_EnableEventout                         output/demo/obj/catOS/bsp/stm32f103c8t6_min/Libraries/STM32F1xx_HAL_Driver/Src/stm32f1xx_hal_gpio_ex.o
HAL_GPIO_DeInit                                   output/demo/obj/catOS/bsp/stm32f103c8t6_min/Libraries/STM32F1xx_HAL_Driver/Src/stm32f1xx_hal_gpio.o
HAL_GPIO_EXTI_Callback                            output/demo/obj/catOS/bsp/stm32f103c8t6_min/Libraries/STM32F1xx_HAL_Driver/Src/stm32f1xx_hal_gpio.o
HAL_GPIO_EXTI_IRQHandler                          output/demo/obj/catOS/bsp/stm32f103c8t6_min/Libraries/STM32F1xx_HAL_Driver/Src/stm32f1xx_hal_gpio.o
HAL_GPIO_Init                                     output/demo/obj/catOS/bsp/stm32f103c8t6_min/Libraries/STM32F1xx_HAL_Driver/Src/stm32f1xx_hal_gpio.o
                                                  output/demo/obj/user/bsp/key/key.o
                                                  output/demo/obj/user/bsp/lcd/oled.o
                                                  output/demo/obj/user/bsp/board_led/bsp_board_led.o
                                                  output/demo/obj/catOS/bsp/stm32f103c8t6_min/Libraries/STM32F1xx_HAL_Driver/Src/stm32f1xx_hal_rcc.o
                                                  output/demo/obj/catOS/bsp/stm32f103c8t6_min/drivers/uart/cat_drv_uart.o
HAL_GPIO_LockPin                                  output/demo/obj/catOS/bsp/stm32f103c8t6_min/Libraries/STM32F1xx_HAL_Driver/Src/stm32f1xx_hal_gpio.o
HAL_GPIO_ReadPin                                  output/demo/obj/catOS/bsp/stm32f103c8t6_min/Libraries/STM32F1xx_HAL_Driver/Src/stm32f1xx_hal_gpio.o
HAL_GPIO_TogglePin                                output/demo/obj/catOS/bsp/stm32f103c8t6_min/Libraries/STM32F1xx_HAL_Driver/Src/stm32f1xx_hal_gpio.o
HAL_GPIO_WritePin                                 output/demo/obj/catOS/bsp/stm32f103c8t6_min/Libraries/STM32F1xx_HAL_Driver/Src/stm32f1xx_hal_gpio.o
                                                  output/demo/obj/user/bsp/lcd/oled.o
HAL_GetDEVID                                      output/demo/obj/catOS/bsp/stm32f103c8t6_min/Libraries/STM32F1xx_HAL_Driver/Src/stm32f1xx_hal.o