
Discarded input sections

 .text          0x00000000       0x14 ./catos_start.o
 .data          0x00000000        0x0 ./catos_start.o
 .bss           0x00000000        0x0 ./catos_start.o
 .text          0x00000000        0x0 ./main.o
 .data          0x00000000        0x0 ./main.o
 .bss           0x00000000        0x0 ./main.o
 .text          0x00000000        0x0 ./stm32f1xx_it.o
 .data          0x00000000        0x0 ./stm32f1xx_it.o
 .bss           0x00000000        0x0 ./stm32f1xx_it.o
 .text          0x00000000        0x0 ./system_stm32f1xx.o
 .data          0x00000000        0x0 ./system_stm32f1xx.o
 .bss           0x00000000        0x0 ./system_stm32f1xx.o
 .data.SystemCoreClock
                0x00000000        0x4 ./system_stm32f1xx.o
 .rodata.AHBPrescTable
                0x00000000       0x10 ./system_stm32f1xx.o
 .rodata.APBPrescTable
                0x00000000        0x8 ./system_stm32f1xx.o
 .text.SystemCoreClockUpdate
                0x00000000       0xe4 ./system_stm32f1xx.o

Memory Configuration

Name             Origin             Length             Attributes
FLASH            0x08000000         0x00010000         xr
RAM              0x20000000         0x00005000         xrw
*default*        0x00000000         0xffffffff

Linker script and memory map

LOAD ./catos_start.o
LOAD ./main.o
LOAD ./stm32f1xx_it.o
LOAD ./system_stm32f1xx.o
LOAD f:/code/gcc-arm-none-eabi-10-2020-q4-major/bin/../lib/gcc/arm-none-eabi/10.2.1/../../../../arm-none-eabi/lib/thumb/v7-m/nofp\libm.a
START GROUP
LOAD f:/code/gcc-arm-none-eabi-10-2020-q4-major/bin/../lib/gcc/arm-none-eabi/10.2.1/thumb/v7-m/nofp\libgcc.a
LOAD f:/code/gcc-arm-none-eabi-10-2020-q4-major/bin/../lib/gcc/arm-none-eabi/10.2.1/../../../../arm-none-eabi/lib/thumb/v7-m/nofp\libc.a
END GROUP
                0x00000400                _Min_Heap_Size = 0x400
                0x00000800                _Min_Stack_Size = 0x800

.isr_vector     0x08000000      0x1e4
                0x08000000                . = ALIGN (0x4)
 *(.isr_vector)
 .isr_vector    0x08000000      0x1e4 ./catos_start.o
                0x08000000                g_pfnVectors
                0x080001e4                . = ALIGN (0x4)

.text           0x080001e4      0x100
                0x080001e4                . = ALIGN (0x4)
                0x080001e4                _stext = .
 *(.text)
 *(.text*)
 .text.Reset_Handler
                0x080001e4       0x44 ./catos_start.o
                0x080001e4                Reset_Handler
 .text.Default_Handler
                0x08000228        0x4 ./catos_start.o
                0x08000228                RTC_Alarm_IRQHandler
                0x08000228                EXTI2_IRQHandler
                0x08000228                TIM8_TRG_COM_IRQHandler
                0x08000228                TIM8_CC_IRQHandler
                0x08000228                TIM1_CC_IRQHandler
                0x08000228                TIM6_IRQHandler
                0x08000228                SysTick_Handler
                0x08000228                PVD_IRQHandler
                0x08000228                SDIO_IRQHandler
                0x08000228                PendSV_Handler
                0x08000228                EXTI3_IRQHandler
                0x08000228                EXTI0_IRQHandler
                0x08000228                I2C2_EV_IRQHandler
                0x08000228                ADC1_2_IRQHandler
                0x08000228                SPI1_IRQHandler
                0x08000228                TAMPER_IRQHandler
                0x08000228                TIM8_UP_IRQHandler
                0x08000228                DMA2_Channel2_IRQHandler
                0x08000228                DMA1_Channel4_IRQHandler
                0x08000228                USART3_IRQHandler
                0x08000228                RTC_IRQHandler
                0x08000228                DMA1_Channel7_IRQHandler
                0x08000228                CAN1_RX1_IRQHandler
                0x08000228                UART5_IRQHandler
                0x08000228                ADC3_IRQHandler
                0x08000228                TIM4_IRQHandler
                0x08000228                DMA2_Channel1_IRQHandler
                0x08000228                I2C1_EV_IRQHandler
                0x08000228                DMA1_Channel6_IRQHandler
                0x08000228                UART4_IRQHandler
                0x08000228                TIM3_IRQHandler
                0x08000228                RCC_IRQHandler
                0x08000228                TIM1_TRG_COM_IRQHandler
                0x08000228                DMA1_Channel1_IRQHandler
                0x08000228                Default_Handler
                0x08000228                EXTI15_10_IRQHandler
                0x08000228                TIM7_IRQHandler
                0x08000228                TIM5_IRQHandler
                0x08000228                EXTI9_5_IRQHandler
                0x08000228                SPI2_IRQHandler
                0x08000228                DMA1_Channel5_IRQHandler
                0x08000228                EXTI4_IRQHandler
                0x08000228                USB_LP_CAN1_RX0_IRQHandler
                0x08000228                USB_HP_CAN1_TX_IRQHandler
                0x08000228                DMA1_Channel3_IRQHandler
                0x08000228                FSMC_IRQHandler
                0x08000228                TIM1_UP_IRQHandler
                0x08000228                WWDG_IRQHandler
                0x08000228                TIM2_IRQHandler
                0x08000228                TIM1_BRK_IRQHandler
                0x08000228                EXTI1_IRQHandler
                0x08000228                DMA2_Channel4_5_IRQHandler
                0x08000228                USART2_IRQHandler
                0x08000228                I2C2_ER_IRQHandler
                0x08000228                DMA1_Channel2_IRQHandler
                0x08000228                TIM8_BRK_IRQHandler
                0x08000228                CAN1_SCE_IRQHandler
                0x08000228                FLASH_IRQHandler
                0x08000228                USART1_IRQHandler
                0x08000228                SPI3_IRQHandler
                0x08000228                I2C1_ER_IRQHandler
                0x08000228                USBWakeUp_IRQHandler
                0x08000228                DMA2_Channel3_IRQHandler
 .text.main     0x0800022c       0x12 ./main.o
                0x0800022c                main
 .text.NMI_Handler
                0x0800023e        0xc ./stm32f1xx_it.o
                0x0800023e                NMI_Handler
 .text.HardFault_Handler
                0x0800024a        0x6 ./stm32f1xx_it.o
                0x0800024a                HardFault_Handler
 .text.MemManage_Handler
                0x08000250        0x6 ./stm32f1xx_it.o
                0x08000250                MemManage_Handler
 .text.BusFault_Handler
                0x08000256        0x6 ./stm32f1xx_it.o
                0x08000256                BusFault_Handler
 .text.UsageFault_Handler
                0x0800025c        0x6 ./stm32f1xx_it.o
                0x0800025c                UsageFault_Handler
 .text.SVC_Handler
                0x08000262        0xc ./stm32f1xx_it.o
                0x08000262                SVC_Handler
 .text.DebugMon_Handler
                0x0800026e        0xc ./stm32f1xx_it.o
                0x0800026e                DebugMon_Handler
 *fill*         0x0800027a        0x2 
 .text.SystemInit
                0x0800027c       0x68 ./system_stm32f1xx.o
                0x0800027c                SystemInit
 *(.glue_7)
 .glue_7        0x080002e4        0x0 linker stubs
 *(.glue_7t)
 .glue_7t       0x080002e4        0x0 linker stubs
 *(.eh_frame)
                0x080002e4                . = ALIGN (0x4)
                0x080002e4                _etext = .

.vfp11_veneer   0x080002e4        0x0
 .vfp11_veneer  0x080002e4        0x0 linker stubs

.v4_bx          0x080002e4        0x0
 .v4_bx         0x080002e4        0x0 linker stubs

.iplt           0x080002e4        0x0
 .iplt          0x080002e4        0x0 ./catos_start.o

.rel.dyn        0x080002e4        0x0
 .rel.iplt      0x080002e4        0x0 ./catos_start.o

.rodata         0x080002e4        0x0
                0x080002e4                . = ALIGN (0x4)
 *(.rodata)
 *(.rodata*)
                0x080002e4                . = ALIGN (0x4)

.ARM.extab
 *(.ARM.extab* .gnu.linkonce.armextab.*)

.ARM            0x080002e4        0x0
                0x080002e4                __exidx_start = .
 *(.ARM.exidx*)
                0x080002e4                __exidx_end = .
                0x080002e4                _sidata = LOADADDR (.data)

.data           0x20000000        0x0 load address 0x080002e4
                0x20000000                . = ALIGN (0x4)
                0x20000000                _sdata = .
 *(.data)
 *(.data*)
                0x20000000                . = ALIGN (0x4)
                [!provide]                PROVIDE (cat_shell_cmd_start = .)
 *(cat_shell_cmd)
                [!provide]                PROVIDE (cat_shell_cmd_end = .)
                0x20000000                . = ALIGN (0x4)
                0x20000000                _edata = .

.igot.plt       0x20000000        0x0 load address 0x080002e4
 .igot.plt      0x20000000        0x0 ./catos_start.o
                0x20000000                . = ALIGN (0x4)

.bss            0x20000000        0x0 load address 0x080002e4
                0x20000000                _sbss = .
                0x20000000                __bss_start__ = _sbss
 *(.bss)
 *(.bss*)
 *(COMMON)
                0x20000000                . = ALIGN (0x4)
                0x20000000                _ebss = .
                0x20000000                __bss_end__ = _ebss

._user_heap_stack
                0x20000000      0xc00 load address 0x080002e4
                0x20000000                . = ALIGN (0x4)
                [!provide]                PROVIDE (end = .)
                [!provide]                PROVIDE (_end = .)
                0x20000400                . = (. + _Min_Heap_Size)
 *fill*         0x20000000      0x400 
                0x20000400                _sstack = .
                0x20000c00                . = (. + _Min_Stack_Size)
 *fill*         0x20000400      0x800 
                0x20000c00                _estack = .
                0x20000c00                . = ALIGN (0x4)

/DISCARD/
 libc.a(*)
 libm.a(*)
 libgcc.a(*)

.ARM.attributes
                0x00000000       0x2f
 *(.ARM.attributes)
 .ARM.attributes
                0x00000000       0x21 ./catos_start.o
 .ARM.attributes
                0x00000021       0x2d ./main.o
 .ARM.attributes
                0x0000004e       0x2d ./stm32f1xx_it.o
 .ARM.attributes
                0x0000007b       0x2d ./system_stm32f1xx.o
OUTPUT(./demo_vet6_keil.elf elf32-littlearm)
LOAD linker stubs
LOAD f:/code/gcc-arm-none-eabi-10-2020-q4-major/bin/../lib/gcc/arm-none-eabi/10.2.1/../../../../arm-none-eabi/lib/thumb/v7-m/nofp\libc.a
LOAD f:/code/gcc-arm-none-eabi-10-2020-q4-major/bin/../lib/gcc/arm-none-eabi/10.2.1/../../../../arm-none-eabi/lib/thumb/v7-m/nofp\libm.a
LOAD f:/code/gcc-arm-none-eabi-10-2020-q4-major/bin/../lib/gcc/arm-none-eabi/10.2.1/thumb/v7-m/nofp\libgcc.a

.debug_line     0x00000000      0x477
 .debug_line    0x00000000       0xa7 ./catos_start.o
 .debug_line    0x000000a7       0x4c ./main.o
 .debug_line    0x000000f3       0xfe ./stm32f1xx_it.o
 .debug_line    0x000001f1      0x286 ./system_stm32f1xx.o

.debug_info     0x00000000      0x596
 .debug_info    0x00000000       0x22 ./catos_start.o
 .debug_info    0x00000022       0x5e ./main.o
 .debug_info    0x00000080       0xcb ./stm32f1xx_it.o
 .debug_info    0x0000014b      0x44b ./system_stm32f1xx.o

.debug_abbrev   0x00000000      0x1cc
 .debug_abbrev  0x00000000       0x12 ./catos_start.o
 .debug_abbrev  0x00000012       0x50 ./main.o
 .debug_abbrev  0x00000062       0x30 ./stm32f1xx_it.o
 .debug_abbrev  0x00000092      0x13a ./system_stm32f1xx.o

.debug_aranges  0x00000000       0xc0
 .debug_aranges
                0x00000000       0x28 ./catos_start.o
 .debug_aranges
                0x00000028       0x20 ./main.o
 .debug_aranges
                0x00000048       0x50 ./stm32f1xx_it.o
 .debug_aranges
                0x00000098       0x28 ./system_stm32f1xx.o

.debug_str      0x00000000      0x3d5
 .debug_str     0x00000000       0x99 ./catos_start.o
 .debug_str     0x00000099       0xd2 ./main.o
                                0x111 (size before relaxing)
 .debug_str     0x0000016b       0xb2 ./stm32f1xx_it.o
                                0x1af (size before relaxing)
 .debug_str     0x0000021d      0x1b8 ./system_stm32f1xx.o
                                0x2fa (size before relaxing)

.debug_ranges   0x00000000       0x88
 .debug_ranges  0x00000000       0x20 ./catos_start.o
 .debug_ranges  0x00000020       0x10 ./main.o
 .debug_ranges  0x00000030       0x40 ./stm32f1xx_it.o
 .debug_ranges  0x00000070       0x18 ./system_stm32f1xx.o

.debug_loc      0x00000000      0x254
 .debug_loc     0x00000000       0x38 ./main.o
 .debug_loc     0x00000038      0x17c ./stm32f1xx_it.o
 .debug_loc     0x000001b4       0xa0 ./system_stm32f1xx.o

.comment        0x00000000       0x4d
 .comment       0x00000000       0x4d ./main.o
                                 0x4e (size before relaxing)
 .comment       0x0000004d       0x4e ./stm32f1xx_it.o
 .comment       0x0000004d       0x4e ./system_stm32f1xx.o

.debug_frame    0x00000000      0x154
 .debug_frame   0x00000000       0x2c ./main.o
 .debug_frame   0x0000002c       0xd0 ./stm32f1xx_it.o
 .debug_frame   0x000000fc       0x58 ./system_stm32f1xx.o
